<html>
<body>
<pre>
<h1>µVision Build Log</h1>
<h2>Tool Versions:</h2>
IDE-Version: ¦ÌVision V5.28.0.0
Copyright (C) 2019 ARM Ltd and ARM Germany GmbH. All rights reserved.
License Information: zeng chuntian, china, LIC=32BTG-VDUGK-006N9-48KGM-KMD33-R09M2
 
Tool Versions:
Toolchain:       MDK-ARM Plus  Version: 5.28.0.0
Toolchain Path:  C:\Keil_v5\ARM\ARMCC\Bin
C Compiler:      Armcc.exe V5.06 update 6 (build 750)
Assembler:       Armasm.exe V5.06 update 6 (build 750)
Linker/Locator:  ArmLink.exe V5.06 update 6 (build 750)
Library Manager: ArmAr.exe V5.06 update 6 (build 750)
Hex Converter:   FromElf.exe V5.06 update 6 (build 750)
CPU DLL:         SARMCM3.DLL V5.28.0.0
Dialog DLL:      DARMSTM.DLL V1.68.0.0
Target DLL:      Segger\JL2CM3.dll V2.99.36.0
Dialog DLL:      TARMSTM.DLL V1.66.0.0
 
<h2>Project:</h2>
C:\Users\flyaudio6\Desktop\F103C8\MDK-ARM\Project.uvprojx
Project File Date:  10/21/2019

<h2>Output:</h2>
*** Using Compiler 'V5.06 update 6 (build 750)', folder: 'C:\Keil_v5\ARM\ARMCC\Bin'
Build target 'SRP'
compiling BSP_CAN.c...
..\BSP\Motor_Set.h(7): warning:  #1-D: last line of file ends without a newline
  #endif  //_BSP_TIM_RX_H
..\BSP\bsp_Encoder.h(7): warning:  #1-D: last line of file ends without a newline
  #endif
..\BSP\BSP_CAN.c(113): warning:  #111-D: statement is unreachable
  			printf("c8t6_can:%s\r\n",rx_message->Data);
..\BSP\BSP_CAN.c(130): warning:  #1-D: last line of file ends without a newline
  }
..\BSP\BSP_CAN.c: 4 warnings, 0 errors
linking...
Program Size: Code=9796 RO-data=308 RW-data=92 ZI-data=12500  
FromELF: creating hex file...
After Build - User command #1: fromelf -c -o "C:\Users\flyaudio6\Desktop\F103C8\MDK-ARM\Obj\Project.txt" "C:\Users\flyaudio6\Desktop\F103C8\MDK-ARM\Obj\Project.axf"
".\Obj\Project.axf" - 0 Error(s), 4 Warning(s).

<h2>Software Packages used:</h2>

Package Vendor: Keil
                http://www.keil.com/pack/Keil.STM32F1xx_DFP.2.3.0.pack
                Keil.STM32F1xx_DFP.2.3.0
                STMicroelectronics STM32F1 Series Device Support, Drivers and Examples

<h2>Collection of Component include folders:</h2>
  .\RTE\_SRP
  C:\Keil_v5\Keil\STM32F1xx_DFP\2.3.0\Device\Include

<h2>Collection of Component Files used:</h2>
Build Time Elapsed:  00:00:03
</pre>
</body>
</html>
