Component: ARM Compiler 5.06 update 6 (build 750) Tool: armlink [4d35ed]

==============================================================================

Section Cross References

    main.o(i.AppTaskLED) refers to rt_time.o(i.rt_dly_wait) for rt_dly_wait
    main.o(i.AppTaskStart) refers to bsp_can.o(i.CAN_CMD_TX) for CAN_CMD_TX
    main.o(i.AppTaskStart) refers to main.o(.bss) for .bss
    main.o(i.AppTaskStart) refers to main.o(i.AppTaskLED) for AppTaskLED
    main.o(i.AppTaskStart) refers to rt_task.o(i.rt_tsk_create) for rt_tsk_create
    main.o(i.AppTaskStart) refers to main.o(.data) for .data
    main.o(i.AppTaskStart) refers to main.o(i.AppTaskUSART_TX) for AppTaskUSART_TX
    main.o(i.AppTaskStart) refers to main.o(i.AppTaskUSART_RX) for AppTaskUSART_RX
    main.o(i.AppTaskStart) refers to usartdriver.o(.data) for g_usartRecvSem_3
    main.o(i.AppTaskStart) refers to rt_semaphore.o(i.rt_sem_init) for rt_sem_init
    main.o(i.AppTaskStart) refers to rt_time.o(i.rt_dly_wait) for rt_dly_wait
    main.o(i.AppTaskUSART_RX) refers to rt_time.o(i.rt_dly_wait) for rt_dly_wait
    main.o(i.AppTaskUSART_TX) refers to rt_time.o(i.rt_dly_wait) for rt_dly_wait
    main.o(i.main) refers to bsp.o(i.bsp_init) for bsp_init
    main.o(i.main) refers to hal_cm3.o(.emb_text) for os_set_env
    main.o(i.main) refers to main.o(.bss) for .bss
    main.o(i.main) refers to main.o(i.AppTaskStart) for AppTaskStart
    main.o(i.main) refers to rt_task.o(i.rt_sys_init) for rt_sys_init
    rtx_conf_cm.o(.data) refers to rtx_conf_cm.o(.bss) for mp_tmr
    stm32f10x_gpio.o(i.GPIO_AFIODeInit) refers to stm32f10x_rcc.o(i.RCC_APB2PeriphResetCmd) for RCC_APB2PeriphResetCmd
    stm32f10x_gpio.o(i.GPIO_DeInit) refers to stm32f10x_rcc.o(i.RCC_APB2PeriphResetCmd) for RCC_APB2PeriphResetCmd
    stm32f10x_rcc.o(i.RCC_GetClocksFreq) refers to stm32f10x_rcc.o(.data) for .data
    datascope_dp.o(i.DataScope_Data_Generate) refers to datascope_dp.o(.bss) for .bss
    datascope_dp.o(i.DataScope_Get_Channel_Data) refers to datascope_dp.o(.bss) for .bss
    stm32f10x_spi.o(i.I2S_Init) refers to stm32f10x_rcc.o(i.RCC_GetClocksFreq) for RCC_GetClocksFreq
    stm32f10x_spi.o(i.SPI_I2S_DeInit) refers to stm32f10x_rcc.o(i.RCC_APB1PeriphResetCmd) for RCC_APB1PeriphResetCmd
    stm32f10x_spi.o(i.SPI_I2S_DeInit) refers to stm32f10x_rcc.o(i.RCC_APB2PeriphResetCmd) for RCC_APB2PeriphResetCmd
    stm32f10x_tim.o(i.TIM_DeInit) refers to stm32f10x_rcc.o(i.RCC_APB2PeriphResetCmd) for RCC_APB2PeriphResetCmd
    stm32f10x_tim.o(i.TIM_DeInit) refers to stm32f10x_rcc.o(i.RCC_APB1PeriphResetCmd) for RCC_APB1PeriphResetCmd
    stm32f10x_tim.o(i.TIM_ICInit) refers to stm32f10x_tim.o(i.TI2_Config) for TI2_Config
    stm32f10x_tim.o(i.TIM_PWMIConfig) refers to stm32f10x_tim.o(i.TI2_Config) for TI2_Config
    stm32f10x_tim.o(i.TIM_TIxExternalClockConfig) refers to stm32f10x_tim.o(i.TI2_Config) for TI2_Config
    stm32f10x_usart.o(i.USART_DeInit) refers to stm32f10x_rcc.o(i.RCC_APB1PeriphResetCmd) for RCC_APB1PeriphResetCmd
    stm32f10x_usart.o(i.USART_DeInit) refers to stm32f10x_rcc.o(i.RCC_APB2PeriphResetCmd) for RCC_APB2PeriphResetCmd
    stm32f10x_usart.o(i.USART_Init) refers to stm32f10x_rcc.o(i.RCC_GetClocksFreq) for RCC_GetClocksFreq
    stm32f10x_bkp.o(i.BKP_DeInit) refers to stm32f10x_rcc.o(i.RCC_BackupResetCmd) for RCC_BackupResetCmd
    stm32f10x_pwr.o(i.PWR_DeInit) refers to stm32f10x_rcc.o(i.RCC_APB1PeriphResetCmd) for RCC_APB1PeriphResetCmd
    stm32f10x_adc.o(i.ADC_DeInit) refers to stm32f10x_rcc.o(i.RCC_APB2PeriphResetCmd) for RCC_APB2PeriphResetCmd
    stm32f10x_can.o(i.CAN_DeInit) refers to stm32f10x_rcc.o(i.RCC_APB1PeriphResetCmd) for RCC_APB1PeriphResetCmd
    bsp_gpio.o(i.EXIT_RX1_Config) refers to stm32f10x_rcc.o(i.RCC_APB2PeriphClockCmd) for RCC_APB2PeriphClockCmd
    bsp_gpio.o(i.EXIT_RX1_Config) refers to stm32f10x_gpio.o(i.GPIO_Init) for GPIO_Init
    bsp_gpio.o(i.EXIT_RX1_Config) refers to stm32f10x_gpio.o(i.GPIO_EXTILineConfig) for GPIO_EXTILineConfig
    bsp_gpio.o(i.EXIT_RX1_Config) refers to stm32f10x_exti.o(i.EXTI_Init) for EXTI_Init
    bsp_gpio.o(i.EXIT_RX1_Config) refers to misc.o(i.NVIC_Init) for NVIC_Init
    bsp_gpio.o(i.EXIT_RX2_Config) refers to stm32f10x_rcc.o(i.RCC_APB2PeriphClockCmd) for RCC_APB2PeriphClockCmd
    bsp_gpio.o(i.EXIT_RX2_Config) refers to stm32f10x_gpio.o(i.GPIO_Init) for GPIO_Init
    bsp_gpio.o(i.EXIT_RX2_Config) refers to stm32f10x_gpio.o(i.GPIO_EXTILineConfig) for GPIO_EXTILineConfig
    bsp_gpio.o(i.EXIT_RX2_Config) refers to stm32f10x_exti.o(i.EXTI_Init) for EXTI_Init
    bsp_gpio.o(i.EXIT_RX2_Config) refers to misc.o(i.NVIC_Init) for NVIC_Init
    bsp_gpio.o(i.EXTI15_10_IRQHandler) refers to stm32f10x_exti.o(i.EXTI_GetITStatus) for EXTI_GetITStatus
    bsp_gpio.o(i.EXTI15_10_IRQHandler) refers to stm32f10x_exti.o(i.EXTI_ClearITPendingBit) for EXTI_ClearITPendingBit
    bsp_gpio.o(i.EXTI3_IRQHandler) refers to stm32f10x_exti.o(i.EXTI_GetITStatus) for EXTI_GetITStatus
[...]
    Removing stm32f10x_usart.o(i.USART_WakeUpConfig), (16 bytes).
    Removing stm32f10x_bkp.o(.rev16_text), (4 bytes).
    Removing stm32f10x_bkp.o(.revsh_text), (4 bytes).
    Removing stm32f10x_bkp.o(i.BKP_ClearFlag), (16 bytes).
    Removing stm32f10x_bkp.o(i.BKP_ClearITPendingBit), (16 bytes).
    Removing stm32f10x_bkp.o(i.BKP_DeInit), (18 bytes).
    Removing stm32f10x_bkp.o(i.BKP_GetFlagStatus), (12 bytes).
    Removing stm32f10x_bkp.o(i.BKP_GetITStatus), (12 bytes).
    Removing stm32f10x_bkp.o(i.BKP_ITConfig), (12 bytes).
    Removing stm32f10x_bkp.o(i.BKP_RTCOutputConfig), (20 bytes).
    Removing stm32f10x_bkp.o(i.BKP_ReadBackupRegister), (18 bytes).
    Removing stm32f10x_bkp.o(i.BKP_SetRTCCalibrationValue), (20 bytes).
    Removing stm32f10x_bkp.o(i.BKP_TamperPinCmd), (12 bytes).
    Removing stm32f10x_bkp.o(i.BKP_TamperPinLevelConfig), (12 bytes).
    Removing stm32f10x_bkp.o(i.BKP_WriteBackupRegister), (18 bytes).
    Removing stm32f10x_pwr.o(.rev16_text), (4 bytes).
    Removing stm32f10x_pwr.o(.revsh_text), (4 bytes).
    Removing stm32f10x_pwr.o(i.PWR_BackupAccessCmd), (12 bytes).
    Removing stm32f10x_pwr.o(i.PWR_ClearFlag), (16 bytes).
    Removing stm32f10x_pwr.o(i.PWR_DeInit), (24 bytes).
    Removing stm32f10x_pwr.o(i.PWR_EnterSTANDBYMode), (40 bytes).
    Removing stm32f10x_pwr.o(i.PWR_EnterSTOPMode), (48 bytes).
    Removing stm32f10x_pwr.o(i.PWR_GetFlagStatus), (20 bytes).
    Removing stm32f10x_pwr.o(i.PWR_PVDCmd), (12 bytes).
    Removing stm32f10x_pwr.o(i.PWR_PVDLevelConfig), (20 bytes).
    Removing stm32f10x_pwr.o(i.PWR_WakeUpPinCmd), (12 bytes).
    Removing stm32f10x_dbgmcu.o(.rev16_text), (4 bytes).
    Removing stm32f10x_dbgmcu.o(.revsh_text), (4 bytes).
    Removing stm32f10x_dbgmcu.o(i.DBGMCU_GetDEVID), (16 bytes).
    Removing stm32f10x_dbgmcu.o(i.DBGMCU_GetREVID), (12 bytes).
    Removing stm32f10x_dma.o(.rev16_text), (4 bytes).
    Removing stm32f10x_dma.o(.revsh_text), (4 bytes).
    Removing stm32f10x_dma.o(i.DMA_GetFlagStatus), (32 bytes).
    Removing stm32f10x_adc.o(.rev16_text), (4 bytes).
    Removing stm32f10x_adc.o(.revsh_text), (4 bytes).
    Removing stm32f10x_adc.o(i.ADC_AnalogWatchdogCmd), (16 bytes).
    Removing stm32f10x_adc.o(i.ADC_AnalogWatchdogSingleChannelConfig), (12 bytes).
    Removing stm32f10x_adc.o(i.ADC_AnalogWatchdogThresholdsConfig), (6 bytes).
    Removing stm32f10x_adc.o(i.ADC_AutoInjectedConvCmd), (18 bytes).
    Removing stm32f10x_adc.o(i.ADC_ClearFlag), (6 bytes).
    Removing stm32f10x_adc.o(i.ADC_ClearITPendingBit), (8 bytes).
    Removing stm32f10x_adc.o(i.ADC_Cmd), (18 bytes).
    Removing stm32f10x_adc.o(i.ADC_DMACmd), (18 bytes).
    Removing stm32f10x_adc.o(i.ADC_DeInit), (100 bytes).
    Removing stm32f10x_adc.o(i.ADC_DiscModeChannelCountConfig), (16 bytes).
    Removing stm32f10x_adc.o(i.ADC_DiscModeCmd), (18 bytes).
    Removing stm32f10x_adc.o(i.ADC_ExternalTrigConvCmd), (18 bytes).
    Removing stm32f10x_adc.o(i.ADC_ExternalTrigInjectedConvCmd), (18 bytes).
    Removing stm32f10x_adc.o(i.ADC_ExternalTrigInjectedConvConfig), (12 bytes).
    Removing stm32f10x_adc.o(i.ADC_GetCalibrationStatus), (16 bytes).
    Removing stm32f10x_adc.o(i.ADC_GetConversionValue), (6 bytes).
    Removing stm32f10x_adc.o(i.ADC_GetDualModeConversionValue), (12 bytes).
    Removing stm32f10x_adc.o(i.ADC_GetFlagStatus), (14 bytes).
    Removing stm32f10x_adc.o(i.ADC_GetITStatus), (28 bytes).
    Removing stm32f10x_adc.o(i.ADC_GetInjectedConversionValue), (16 bytes).
    Removing stm32f10x_adc.o(i.ADC_GetResetCalibrationStatus), (16 bytes).
    Removing stm32f10x_adc.o(i.ADC_GetSoftwareStartConvStatus), (16 bytes).
    Removing stm32f10x_adc.o(i.ADC_GetSoftwareStartInjectedConvCmdStatus), (16 bytes).
    Removing stm32f10x_adc.o(i.ADC_ITConfig), (18 bytes).
    Removing stm32f10x_adc.o(i.ADC_Init), (76 bytes).
    Removing stm32f10x_adc.o(i.ADC_InjectedChannelConfig), (96 bytes).
    Removing stm32f10x_adc.o(i.ADC_InjectedDiscModeCmd), (18 bytes).
    Removing stm32f10x_adc.o(i.ADC_InjectedSequencerLengthConfig), (16 bytes).
    Removing stm32f10x_adc.o(i.ADC_RegularChannelConfig), (146 bytes).
    Removing stm32f10x_adc.o(i.ADC_ResetCalibration), (10 bytes).
    Removing stm32f10x_adc.o(i.ADC_SetInjectedOffset), (12 bytes).
    Removing stm32f10x_adc.o(i.ADC_SoftwareStartConvCmd), (18 bytes).
    Removing stm32f10x_adc.o(i.ADC_SoftwareStartInjectedConvCmd), (18 bytes).
    Removing stm32f10x_adc.o(i.ADC_StartCalibration), (10 bytes).
    Removing stm32f10x_adc.o(i.ADC_StructInit), (18 bytes).
    Removing stm32f10x_adc.o(i.ADC_TempSensorVrefintCmd), (24 bytes).
    Removing stm32f10x_can.o(.rev16_text), (4 bytes).
    Removing stm32f10x_can.o(.revsh_text), (4 bytes).
    Removing stm32f10x_can.o(i.CAN_CancelTransmit), (40 bytes).
    Removing stm32f10x_can.o(i.CAN_ClearFlag), (52 bytes).
    Removing stm32f10x_can.o(i.CAN_ClearITPendingBit), (156 bytes).
    Removing stm32f10x_can.o(i.CAN_DBGFreeze), (18 bytes).
    Removing stm32f10x_can.o(i.CAN_FIFORelease), (22 bytes).
    Removing stm32f10x_can.o(i.CAN_GetFlagStatus), (82 bytes).
    Removing stm32f10x_can.o(i.CAN_GetITStatus), (272 bytes).
    Removing stm32f10x_can.o(i.CAN_GetLSBTransmitErrorCounter), (8 bytes).
    Removing stm32f10x_can.o(i.CAN_GetLastErrorCode), (10 bytes).
    Removing stm32f10x_can.o(i.CAN_GetReceiveErrorCounter), (6 bytes).
    Removing stm32f10x_can.o(i.CAN_MessagePending), (26 bytes).
    Removing stm32f10x_can.o(i.CAN_OperatingModeRequest), (138 bytes).
    Removing stm32f10x_can.o(i.CAN_SlaveStartBank), (44 bytes).
    Removing stm32f10x_can.o(i.CAN_Sleep), (30 bytes).
    Removing stm32f10x_can.o(i.CAN_TTComModeCmd), (90 bytes).
    Removing stm32f10x_can.o(i.CAN_TransmitStatus), (124 bytes).
    Removing stm32f10x_can.o(i.CAN_WakeUp), (42 bytes).
    Removing bsp_gpio.o(.rev16_text), (4 bytes).
    Removing bsp_gpio.o(.revsh_text), (4 bytes).
    Removing bsp_gpio.o(i.EXIT_RX1_Config), (108 bytes).
    Removing bsp_gpio.o(i.EXIT_RX2_Config), (108 bytes).
    Removing bsp.o(.rev16_text), (4 bytes).
    Removing bsp.o(.revsh_text), (4 bytes).
    Removing bsp.o(i.bsp_RunPer10ms), (2 bytes).
    Removing bsp.o(i.bsp_RunPer1ms), (2 bytes).
    Removing bsp.o(.data), (4 bytes).
    Removing bsp_i2c.o(.rev16_text), (4 bytes).
    Removing bsp_i2c.o(.revsh_text), (4 bytes).
    Removing bsp_i2c.o(i.bsp_InitI2C), (88 bytes).
    Removing bsp_i2c.o(i.i2c_Ack), (64 bytes).
    Removing bsp_i2c.o(i.i2c_CheckDevice), (244 bytes).
    Removing bsp_i2c.o(i.i2c_NAck), (56 bytes).
    Removing bsp_i2c.o(i.i2c_ReadByte), (80 bytes).
    Removing bsp_i2c.o(i.i2c_SendByte), (92 bytes).
    Removing bsp_i2c.o(i.i2c_Start), (60 bytes).
    Removing bsp_i2c.o(i.i2c_Stop), (48 bytes).
    Removing bsp_i2c.o(i.i2c_WaitAck), (72 bytes).
    Removing bsp_dwt.o(.rev16_text), (4 bytes).
    Removing bsp_dwt.o(.revsh_text), (4 bytes).
    Removing bsp_dwt.o(i.Delay_ms), (52 bytes).
    Removing bsp_dwt.o(i.Delay_us), (44 bytes).
    Removing stm32f10x_it.o(.rev16_text), (4 bytes).
    Removing stm32f10x_it.o(.revsh_text), (4 bytes).
    Removing bsp_systick.o(.rev16_text), (4 bytes).
    Removing bsp_systick.o(.revsh_text), (4 bytes).
    Removing bsp_systick.o(.data), (4 bytes).
    Removing usartdriver.o(.rev16_text), (4 bytes).
    Removing usartdriver.o(.revsh_text), (4 bytes).
    Removing usartdriver.o(i.USART_sendByte), (22 bytes).
    Removing usartdriver.o(i.USART_sendMsg), (240 bytes).
    Removing pid.o(.rev16_text), (4 bytes).
    Removing pid.o(.revsh_text), (4 bytes).
    Removing pid.o(i.IncrementalPID_paraReset), (46 bytes).
    Removing pid.o(i.IncrementalPID_setPara), (26 bytes).
    Removing pid.o(i.Incremental_PID), (190 bytes).
    Removing pid.o(i.PositionPID_paraReset), (46 bytes).
    Removing pid.o(i.PositionPID_setPara), (26 bytes).
    Removing pid.o(i.Position_PID), (174 bytes).
    Removing pid.o(i.abs_limit), (40 bytes).
    Removing wdd35d.o(.rev16_text), (4 bytes).
    Removing wdd35d.o(.revsh_text), (4 bytes).
    Removing wdd35d.o(i.ADC_Configuration), (148 bytes).
    Removing wdd35d.o(i.ADC_GetSampleAvgN), (160 bytes).
    Removing wdd35d.o(i.select_sort), (98 bytes).
    Removing wdd35d.o(.bss), (20 bytes).
    Removing wdd35d.o(.data), (4 bytes).
    Removing bsp_tim_pwm.o(.rev16_text), (4 bytes).
    Removing bsp_tim_pwm.o(.revsh_text), (4 bytes).
    Removing bsp_tim_pwm.o(i.bsp_ConfigGpioOut), (138 bytes).
    Removing bsp_tim_pwm.o(i.bsp_ConfigTimGpio), (186 bytes).
    Removing bsp_tim_pwm.o(i.bsp_GetRCCofGPIO), (104 bytes).
    Removing bsp_tim_pwm.o(i.bsp_GetRCCofTIM), (208 bytes).
    Removing bsp_tim_pwm.o(i.bsp_SetTIMOutPWM), (436 bytes).
    Removing bsp_tim_pwm.o(i.bsp_SetTIMOutPWM_N), (428 bytes).
    Removing bsp_tim_pwm.o(i.bsp_SetTIMforInt), (372 bytes).
    Removing motor_set.o(.rev16_text), (4 bytes).
    Removing motor_set.o(.revsh_text), (4 bytes).
    Removing motor_set.o(i.Motor_Set), (68 bytes).
    Removing bsp_encoder.o(.rev16_text), (4 bytes).
    Removing bsp_encoder.o(.revsh_text), (4 bytes).
    Removing bsp_encoder.o(i.Encoder_Read), (28 bytes).
    Removing bsp_encoder.o(i.bsp_Encoder_Init_TIM2), (168 bytes).
    Removing bsp_encoder.o(i.bsp_Encoder_Init_TIM4), (156 bytes).
    Removing bsp_can.o(.rev16_text), (4 bytes).
    Removing bsp_can.o(.revsh_text), (4 bytes).
    Removing fir_stm32.o(.text), (162 bytes).
    Removing startup_stm32f10x_md.o(HEAP), (512 bytes).
    Removing system_stm32f10x.o(.rev16_text), (4 bytes).
    Removing system_stm32f10x.o(.revsh_text), (4 bytes).
    Removing system_stm32f10x.o(i.SystemCoreClockUpdate), (112 bytes).
    Removing system_stm32f10x.o(.data), (20 bytes).
    Removing rt_event.o(i.isr_evt_set), (40 bytes).
    Removing rt_event.o(i.rt_evt_clr), (32 bytes).
    Removing rt_event.o(i.rt_evt_get), (12 bytes).
    Removing rt_event.o(i.rt_evt_set), (100 bytes).
    Removing rt_event.o(i.rt_evt_wait), (64 bytes).
    Removing rt_list.o(i.rt_get_same_rdy_prio), (36 bytes).
    Removing rt_list.o(i.rt_resort_prio), (140 bytes).
    Removing rt_list.o(i.rt_rmv_list), (48 bytes).
    Removing rt_mailbox.o(i.isr_mbx_receive), (86 bytes).
    Removing rt_mailbox.o(i.isr_mbx_send), (14 bytes).
    Removing rt_mailbox.o(i.rt_mbx_check), (8 bytes).
    Removing rt_mailbox.o(i.rt_mbx_init), (24 bytes).
    Removing rt_mailbox.o(i.rt_mbx_send), (172 bytes).
    Removing rt_mailbox.o(i.rt_mbx_wait), (200 bytes).
    Removing rt_membox.o(i._calloc_box), (104 bytes).
    Removing rt_mutex.o(i.rt_mut_init), (16 bytes).
    Removing rt_mutex.o(i.rt_mut_release), (244 bytes).
    Removing rt_mutex.o(i.rt_mut_wait), (108 bytes).
    Removing rt_robin.o(i.rt_chk_robin), (72 bytes).
    Removing rt_robin.o(i.rt_init_robin), (24 bytes).
    Removing rt_robin.o(.data), (8 bytes).
    Removing rt_semaphore.o(i.rt_sem_send), (56 bytes).
    Removing rt_semaphore.o(i.rt_sem_wait), (68 bytes).
    Removing rt_system.o(.emb_text), (0 bytes).
    Removing rt_system.o(i.rt_resume), (288 bytes).
    Removing rt_system.o(i.rt_suspend), (128 bytes).
    Removing rt_system.o(i.rt_tsk_lock), (80 bytes).
    Removing rt_system.o(i.rt_tsk_unlock), (96 bytes).
    Removing rt_task.o(i.rt_tsk_delete), (336 bytes).
    Removing rt_task.o(i.rt_tsk_pass), (44 bytes).
    Removing rt_task.o(i.rt_tsk_prio), (140 bytes).
    Removing rt_task.o(i.rt_tsk_self), (16 bytes).
    Removing rt_time.o(i.rt_itv_set), (24 bytes).
    Removing rt_time.o(i.rt_itv_wait), (44 bytes).
    Removing rt_time.o(i.rt_time_get), (12 bytes).
    Removing rt_timer.o(i.rt_tmr_create), (80 bytes).
    Removing rt_timer.o(i.rt_tmr_kill), (56 bytes).
    Removing hal_cm3.o(i.dbg_init), (60 bytes).
    Removing hal_cm3.o(i.dbg_task_notify), (32 bytes).
    Removing hal_cm3.o(i.dbg_task_switch), (16 bytes).
    Removing hal_cm3.o(.data), (1 bytes).
    Removing fadd.o(.text), (176 bytes).
    Removing fmul.o(.text), (100 bytes).
    Removing fscalb.o(.text), (24 bytes).
    Removing ffltui.o(.text), (10 bytes).
    Removing cfcmple.o(.text), (20 bytes).
    Removing cfrcmple.o(.text), (20 bytes).
    Removing fepilogue.o(.text), (110 bytes).
    Removing dadd.o(.text), (334 bytes).
    Removing dmul.o(.text), (228 bytes).
    Removing ddiv.o(.text), (222 bytes).
    Removing dfixul.o(.text), (48 bytes).
    Removing cdrcmple.o(.text), (48 bytes).
    Removing depilogue.o(.text), (186 bytes).

442 unused section(s) (total 19778 bytes) removed from the image.

==============================================================================

Image Symbol Table

    Local Symbols

    Symbol Name                              Value     Ov Type        Size  Object(Section)

    ../clib/microlib/division.c              0x00000000   Number         0  uldiv.o ABSOLUTE
    ../clib/microlib/division.c              0x00000000   Number         0  uidiv.o ABSOLUTE
    ../clib/microlib/init/entry.s            0x00000000   Number         0  entry10b.o ABSOLUTE
    ../clib/microlib/init/entry.s            0x00000000   Number         0  entry11a.o ABSOLUTE
    ../clib/microlib/init/entry.s            0x00000000   Number         0  entry2.o ABSOLUTE
    ../clib/microlib/init/entry.s            0x00000000   Number         0  entry5.o ABSOLUTE
    ../clib/microlib/init/entry.s            0x00000000   Number         0  entry7a.o ABSOLUTE
    ../clib/microlib/init/entry.s            0x00000000   Number         0  entry.o ABSOLUTE
    ../clib/microlib/init/entry.s            0x00000000   Number         0  entry7b.o ABSOLUTE
    ../clib/microlib/init/entry.s            0x00000000   Number         0  entry8a.o ABSOLUTE
    ../clib/microlib/init/entry.s            0x00000000   Number         0  entry8b.o ABSOLUTE
    ../clib/microlib/init/entry.s            0x00000000   Number         0  entry9a.o ABSOLUTE
    ../clib/microlib/init/entry.s            0x00000000   Number         0  entry9b.o ABSOLUTE
    ../clib/microlib/init/entry.s            0x00000000   Number         0  entry11b.o ABSOLUTE
    ../clib/microlib/init/entry.s            0x00000000   Number         0  entry10a.o ABSOLUTE
    ../clib/microlib/longlong.c              0x00000000   Number         0  llsshr.o ABSOLUTE
    ../clib/microlib/longlong.c              0x00000000   Number         0  llushr.o ABSOLUTE
    ../clib/microlib/longlong.c              0x00000000   Number         0  llshl.o ABSOLUTE
    ../clib/microlib/printf/printf.c         0x00000000   Number         0  printf3.o ABSOLUTE
    ../clib/microlib/printf/printf.c         0x00000000   Number         0  printf2.o ABSOLUTE
    ../clib/microlib/printf/printf.c         0x00000000   Number         0  printf1.o ABSOLUTE
    ../clib/microlib/printf/printf.c         0x00000000   Number         0  printf0.o ABSOLUTE
    ../clib/microlib/printf/printf.c         0x00000000   Number         0  printfb.o ABSOLUTE
    ../clib/microlib/printf/printf.c         0x00000000   Number         0  printf5.o ABSOLUTE
    ../clib/microlib/printf/printf.c         0x00000000   Number         0  printf6.o ABSOLUTE
    ../clib/microlib/printf/printf.c         0x00000000   Number         0  printf7.o ABSOLUTE
    ../clib/microlib/printf/printf.c         0x00000000   Number         0  printf8.o ABSOLUTE
    ../clib/microlib/printf/printf.c         0x00000000   Number         0  printfa.o ABSOLUTE
    ../clib/microlib/printf/printf.c         0x00000000   Number         0  printf4.o ABSOLUTE
    ../clib/microlib/printf/stubs.s          0x00000000   Number         0  stubs.o ABSOLUTE
    ../clib/microlib/stdio/streams.c         0x00000000   Number         0  stdout.o ABSOLUTE
    ../clib/microlib/stubs.s                 0x00000000   Number         0  iusefp.o ABSOLUTE
    ../fplib/microlib/fpadd.c                0x00000000   Number         0  fadd.o ABSOLUTE
    ../fplib/microlib/fpadd.c                0x00000000   Number         0  dadd.o ABSOLUTE
    ../fplib/microlib/fpdiv.c                0x00000000   Number         0  ddiv.o ABSOLUTE
    ../fplib/microlib/fpepilogue.c           0x00000000   Number         0  fepilogue.o ABSOLUTE
    ../fplib/microlib/fpepilogue.c           0x00000000   Number         0  depilogue.o ABSOLUTE
    ../fplib/microlib/fpfix.c                0x00000000   Number         0  dfixul.o ABSOLUTE
    ../fplib/microlib/fpflt.c                0x00000000   Number         0  ffltui.o ABSOLUTE
    ../fplib/microlib/fpmul.c                0x00000000   Number         0  dmul.o ABSOLUTE
    ../fplib/microlib/fpmul.c                0x00000000   Number         0  fmul.o ABSOLUTE
    ../fplib/microlib/fpscalb.c              0x00000000   Number         0  fscalb.o ABSOLUTE
    ..\BSP\BSP_CAN.c                         0x00000000   Number         0  bsp_can.o ABSOLUTE
    ..\BSP\DataScope_DP.C                    0x00000000   Number         0  datascope_dp.o ABSOLUTE
    ..\BSP\Motor_Set.c                       0x00000000   Number         0  motor_set.o ABSOLUTE
    ..\BSP\PID.c                             0x00000000   Number         0  pid.o ABSOLUTE
    ..\BSP\bsp_Encoder.c                     0x00000000   Number         0  bsp_encoder.o ABSOLUTE
    ..\BSP\bsp_tim_pwm.c                     0x00000000   Number         0  bsp_tim_pwm.o ABSOLUTE
    ..\BSP\src\bsp.c                         0x00000000   Number         0  bsp.o ABSOLUTE
    ..\BSP\src\bsp_SysTick.c                 0x00000000   Number         0  bsp_systick.o ABSOLUTE
    ..\BSP\src\bsp_dwt.c                     0x00000000   Number         0  bsp_dwt.o ABSOLUTE
    ..\BSP\src\bsp_gpio.c                    0x00000000   Number         0  bsp_gpio.o ABSOLUTE
    ..\BSP\src\bsp_i2c.c                     0x00000000   Number         0  bsp_i2c.o ABSOLUTE
    ..\BSP\wdd35d.c                          0x00000000   Number         0  wdd35d.o ABSOLUTE
    ..\Libraries\CMSIS\CM3\DeviceSupport\ST\STM32F10x\startup\arm\startup_stm32f10x_md.s 0x00000000   Number         0  startup_stm32f10x_md.o ABSOLUTE
    ..\Libraries\CMSIS\CM3\DeviceSupport\ST\STM32F10x\system_stm32f10x.c 0x00000000   Number         0  system_stm32f10x.o ABSOLUTE
    ..\Libraries\STM32F10x_DSP_Lib\src\asm\arm\fir_stm32.s 0x00000000   Number         0  fir_stm32.o ABSOLUTE
    ..\Libraries\STM32F10x_StdPeriph_Driver\src\misc.c 0x00000000   Number         0  misc.o ABSOLUTE
    ..\Libraries\STM32F10x_StdPeriph_Driver\src\stm32f10x_adc.c 0x00000000   Number         0  stm32f10x_adc.o ABSOLUTE
    ..\Libraries\STM32F10x_StdPeriph_Driver\src\stm32f10x_bkp.c 0x00000000   Number         0  stm32f10x_bkp.o ABSOLUTE
    ..\Libraries\STM32F10x_StdPeriph_Driver\src\stm32f10x_can.c 0x00000000   Number         0  stm32f10x_can.o ABSOLUTE
    ..\Libraries\STM32F10x_StdPeriph_Driver\src\stm32f10x_dbgmcu.c 0x00000000   Number         0  stm32f10x_dbgmcu.o ABSOLUTE
    ..\Libraries\STM32F10x_StdPeriph_Driver\src\stm32f10x_dma.c 0x00000000   Number         0  stm32f10x_dma.o ABSOLUTE
    ..\Libraries\STM32F10x_StdPeriph_Driver\src\stm32f10x_exti.c 0x00000000   Number         0  stm32f10x_exti.o ABSOLUTE
    ..\Libraries\STM32F10x_StdPeriph_Driver\src\stm32f10x_gpio.c 0x00000000   Number         0  stm32f10x_gpio.o ABSOLUTE
    ..\Libraries\STM32F10x_StdPeriph_Driver\src\stm32f10x_pwr.c 0x00000000   Number         0  stm32f10x_pwr.o ABSOLUTE
    ..\Libraries\STM32F10x_StdPeriph_Driver\src\stm32f10x_rcc.c 0x00000000   Number         0  stm32f10x_rcc.o ABSOLUTE
    ..\Libraries\STM32F10x_StdPeriph_Driver\src\stm32f10x_rtc.c 0x00000000   Number         0  stm32f10x_rtc.o ABSOLUTE
    ..\Libraries\STM32F10x_StdPeriph_Driver\src\stm32f10x_spi.c 0x00000000   Number         0  stm32f10x_spi.o ABSOLUTE
    ..\Libraries\STM32F10x_StdPeriph_Driver\src\stm32f10x_tim.c 0x00000000   Number         0  stm32f10x_tim.o ABSOLUTE
    ..\Libraries\STM32F10x_StdPeriph_Driver\src\stm32f10x_usart.c 0x00000000   Number         0  stm32f10x_usart.o ABSOLUTE
    ..\RTX\portable\HAL_CM3.c                0x00000000   Number         0  hal_cm3.o ABSOLUTE
    ..\RTX\portable\SVC_Table.s              0x00000000   Number         0  svc_table.o ABSOLUTE
    ..\RTX\src\rt_Event.c                    0x00000000   Number         0  rt_event.o ABSOLUTE
    ..\RTX\src\rt_List.c                     0x00000000   Number         0  rt_list.o ABSOLUTE
    ..\RTX\src\rt_Mailbox.c                  0x00000000   Number         0  rt_mailbox.o ABSOLUTE
    ..\RTX\src\rt_MemBox.c                   0x00000000   Number         0  rt_membox.o ABSOLUTE
    ..\RTX\src\rt_Mutex.c                    0x00000000   Number         0  rt_mutex.o ABSOLUTE
    ..\RTX\src\rt_Robin.c                    0x00000000   Number         0  rt_robin.o ABSOLUTE
    ..\RTX\src\rt_Semaphore.c                0x00000000   Number         0  rt_semaphore.o ABSOLUTE
    ..\RTX\src\rt_System.c                   0x00000000   Number         0  rt_system.o ABSOLUTE
    ..\RTX\src\rt_Task.c                     0x00000000   Number         0  rt_task.o ABSOLUTE
    ..\RTX\src\rt_Time.c                     0x00000000   Number         0  rt_time.o ABSOLUTE
    ..\RTX\src\rt_Timer.c                    0x00000000   Number         0  rt_timer.o ABSOLUTE
    ..\USER\RTX_Conf_CM.c                    0x00000000   Number         0  rtx_conf_cm.o ABSOLUTE
    ..\USER\main.c                           0x00000000   Number         0  main.o ABSOLUTE
    ..\USER\stm32f10x_it.c                   0x00000000   Number         0  stm32f10x_it.o ABSOLUTE
    ..\USER\usartDriver.c                    0x00000000   Number         0  usartdriver.o ABSOLUTE
    ..\\BSP\\BSP_CAN.c                       0x00000000   Number         0  bsp_can.o ABSOLUTE
    ..\\BSP\\DataScope_DP.C                  0x00000000   Number         0  datascope_dp.o ABSOLUTE
    ..\\BSP\\Motor_Set.c                     0x00000000   Number         0  motor_set.o ABSOLUTE
    ..\\BSP\\PID.c                           0x00000000   Number         0  pid.o ABSOLUTE
    ..\\BSP\\bsp_Encoder.c                   0x00000000   Number         0  bsp_encoder.o ABSOLUTE
    ..\\BSP\\bsp_tim_pwm.c                   0x00000000   Number         0  bsp_tim_pwm.o ABSOLUTE
    ..\\BSP\\src\\bsp.c                      0x00000000   Number         0  bsp.o ABSOLUTE
    ..\\BSP\\src\\bsp_SysTick.c              0x00000000   Number         0  bsp_systick.o ABSOLUTE
    ..\\BSP\\src\\bsp_dwt.c                  0x00000000   Number         0  bsp_dwt.o ABSOLUTE
    ..\\BSP\\src\\bsp_gpio.c                 0x00000000   Number         0  bsp_gpio.o ABSOLUTE
    ..\\BSP\\src\\bsp_i2c.c                  0x00000000   Number         0  bsp_i2c.o ABSOLUTE
    ..\\BSP\\wdd35d.c                        0x00000000   Number         0  wdd35d.o ABSOLUTE
    ..\\Libraries\\CMSIS\\CM3\\DeviceSupport\\ST\\STM32F10x\\system_stm32f10x.c 0x00000000   Number         0  system_stm32f10x.o ABSOLUTE
    ..\\Libraries\\STM32F10x_StdPeriph_Driver\\src\\misc.c 0x00000000   Number         0  misc.o ABSOLUTE
    ..\\Libraries\\STM32F10x_StdPeriph_Driver\\src\\stm32f10x_adc.c 0x00000000   Number         0  stm32f10x_adc.o ABSOLUTE
    ..\\Libraries\\STM32F10x_StdPeriph_Driver\\src\\stm32f10x_bkp.c 0x00000000   Number         0  stm32f10x_bkp.o ABSOLUTE
    ..\\Libraries\\STM32F10x_StdPeriph_Driver\\src\\stm32f10x_can.c 0x00000000   Number         0  stm32f10x_can.o ABSOLUTE
    ..\\Libraries\\STM32F10x_StdPeriph_Driver\\src\\stm32f10x_dbgmcu.c 0x00000000   Number         0  stm32f10x_dbgmcu.o ABSOLUTE
    ..\\Libraries\\STM32F10x_StdPeriph_Driver\\src\\stm32f10x_dma.c 0x00000000   Number         0  stm32f10x_dma.o ABSOLUTE
    ..\\Libraries\\STM32F10x_StdPeriph_Driver\\src\\stm32f10x_exti.c 0x00000000   Number         0  stm32f10x_exti.o ABSOLUTE
    ..\\Libraries\\STM32F10x_StdPeriph_Driver\\src\\stm32f10x_gpio.c 0x00000000   Number         0  stm32f10x_gpio.o ABSOLUTE
    ..\\Libraries\\STM32F10x_StdPeriph_Driver\\src\\stm32f10x_pwr.c 0x00000000   Number         0  stm32f10x_pwr.o ABSOLUTE
    ..\\Libraries\\STM32F10x_StdPeriph_Driver\\src\\stm32f10x_rcc.c 0x00000000   Number         0  stm32f10x_rcc.o ABSOLUTE
    ..\\Libraries\\STM32F10x_StdPeriph_Driver\\src\\stm32f10x_rtc.c 0x00000000   Number         0  stm32f10x_rtc.o ABSOLUTE
    ..\\Libraries\\STM32F10x_StdPeriph_Driver\\src\\stm32f10x_spi.c 0x00000000   Number         0  stm32f10x_spi.o ABSOLUTE
    ..\\Libraries\\STM32F10x_StdPeriph_Driver\\src\\stm32f10x_tim.c 0x00000000   Number         0  stm32f10x_tim.o ABSOLUTE
    ..\\Libraries\\STM32F10x_StdPeriph_Driver\\src\\stm32f10x_usart.c 0x00000000   Number         0  stm32f10x_usart.o ABSOLUTE
    ..\\RTX\\portable\\HAL_CM3.c             0x00000000   Number         0  hal_cm3.o ABSOLUTE
    ..\\RTX\\src\\rt_System.c                0x00000000   Number         0  rt_system.o ABSOLUTE
    ..\\USER\\RTX_Conf_CM.c                  0x00000000   Number         0  rtx_conf_cm.o ABSOLUTE
    ..\\USER\\main.c                         0x00000000   Number         0  main.o ABSOLUTE
    ..\\USER\\stm32f10x_it.c                 0x00000000   Number         0  stm32f10x_it.o ABSOLUTE
    ..\\USER\\usartDriver.c                  0x00000000   Number         0  usartdriver.o ABSOLUTE
    cdrcmple.s                               0x00000000   Number         0  cdrcmple.o ABSOLUTE
    cfcmple.s                                0x00000000   Number         0  cfcmple.o ABSOLUTE
    cfrcmple.s                               0x00000000   Number         0  cfrcmple.o ABSOLUTE
    dc.s                                     0x00000000   Number         0  dc.o ABSOLUTE
    handlers.s                               0x00000000   Number         0  handlers.o ABSOLUTE
    init.s                                   0x00000000   Number         0  init.o ABSOLUTE
    RESET                                    0x08000000   Section      236  startup_stm32f10x_md.o(RESET)
    .ARM.Collect$$$$00000000                 0x080000ec   Section        0  entry.o(.ARM.Collect$$$$00000000)
    .ARM.Collect$$$$00000001                 0x080000ec   Section        4  entry2.o(.ARM.Collect$$$$00000001)
    .ARM.Collect$$$$00000004                 0x080000f0   Section        4  entry5.o(.ARM.Collect$$$$00000004)
    .ARM.Collect$$$$00000008                 0x080000f4   Section        0  entry7b.o(.ARM.Collect$$$$00000008)
    .ARM.Collect$$$$0000000A                 0x080000f4   Section        0  entry8b.o(.ARM.Collect$$$$0000000A)
    .ARM.Collect$$$$0000000B                 0x080000f4   Section        8  entry9a.o(.ARM.Collect$$$$0000000B)
    .ARM.Collect$$$$0000000D                 0x080000fc   Section        0  entry10a.o(.ARM.Collect$$$$0000000D)
    .ARM.Collect$$$$0000000F                 0x080000fc   Section        0  entry11a.o(.ARM.Collect$$$$0000000F)
    .ARM.Collect$$$$00002712                 0x080000fc   Section        4  entry2.o(.ARM.Collect$$$$00002712)
    __lit__00000000                          0x080000fc   Data           4  entry2.o(.ARM.Collect$$$$00002712)
    .emb_text                                0x08000100   Section      340  hal_cm3.o(.emb_text)
    .text                                    0x08000254   Section       36  startup_stm32f10x_md.o(.text)
    .text                                    0x08000278   Section        0  uldiv.o(.text)
    .text                                    0x080002dc   Section       36  init.o(.text)
    .text                                    0x08000300   Section        0  llshl.o(.text)
    .text                                    0x0800031e   Section        0  llushr.o(.text)
    SVC_TABLE                                0x08000340   Section        4  svc_table.o(SVC_TABLE)
    i.AppTaskLED                             0x08000344   Section        0  main.o(i.AppTaskLED)
    i.AppTaskStart                           0x08000354   Section        0  main.o(i.AppTaskStart)
    i.AppTaskUSART_RX                        0x080003e8   Section        0  main.o(i.AppTaskUSART_RX)
    i.AppTaskUSART_TX                        0x080003f8   Section        0  main.o(i.AppTaskUSART_TX)
    i.BusFault_Handler                       0x08000408   Section        0  stm32f10x_it.o(i.BusFault_Handler)
    i.CAN1_Init                              0x0800040c   Section        0  bsp_can.o(i.CAN1_Init)
    i.CAN_CMD_TX                             0x080004f4   Section        0  bsp_can.o(i.CAN_CMD_TX)
    i.CAN_DeInit                             0x08000534   Section        0  stm32f10x_can.o(i.CAN_DeInit)
    i.CAN_FilterInit                         0x08000570   Section        0  stm32f10x_can.o(i.CAN_FilterInit)
    i.CAN_ITConfig                           0x08000660   Section        0  stm32f10x_can.o(i.CAN_ITConfig)
    i.CAN_Init                               0x08000670   Section        0  stm32f10x_can.o(i.CAN_Init)
    i.CAN_Receive                            0x08000764   Section        0  stm32f10x_can.o(i.CAN_Receive)
    i.CAN_RxMesInit                          0x08000818   Section        0  bsp_can.o(i.CAN_RxMesInit)
    i.CAN_StructInit                         0x08000832   Section        0  stm32f10x_can.o(i.CAN_StructInit)
    i.CAN_Transmit                           0x08000854   Section        0  stm32f10x_can.o(i.CAN_Transmit)
    i.DBGMCU_Config                          0x08000918   Section        0  stm32f10x_dbgmcu.o(i.DBGMCU_Config)
    i.DMA1_Channel2_IRQHandler               0x08000930   Section        0  usartdriver.o(i.DMA1_Channel2_IRQHandler)
    i.DMA1_Channel4_IRQHandler               0x08000958   Section        0  usartdriver.o(i.DMA1_Channel4_IRQHandler)
    i.DMA1_Channel5_IRQHandler               0x08000984   Section        0  usartdriver.o(i.DMA1_Channel5_IRQHandler)
    i.DMA1_Channel7_IRQHandler               0x080009b4   Section        0  usartdriver.o(i.DMA1_Channel7_IRQHandler)
    i.DMA_ClearFlag                          0x080009e0   Section        0  stm32f10x_dma.o(i.DMA_ClearFlag)
    i.DMA_ClearITPendingBit                  0x080009f8   Section        0  stm32f10x_dma.o(i.DMA_ClearITPendingBit)
    i.DMA_Cmd                                0x08000a10   Section        0  stm32f10x_dma.o(i.DMA_Cmd)
    i.DMA_DeInit                             0x08000a24   Section        0  stm32f10x_dma.o(i.DMA_DeInit)
    i.DMA_GetCurrDataCounter                 0x08000b28   Section        0  stm32f10x_dma.o(i.DMA_GetCurrDataCounter)
    i.DMA_GetITStatus                        0x08000b30   Section        0  stm32f10x_dma.o(i.DMA_GetITStatus)
    i.DMA_ITConfig                           0x08000b50   Section        0  stm32f10x_dma.o(i.DMA_ITConfig)
    i.DMA_Init                               0x08000b60   Section        0  stm32f10x_dma.o(i.DMA_Init)
    i.DMA_SetCurrDataCounter                 0x08000bb2   Section        0  stm32f10x_dma.o(i.DMA_SetCurrDataCounter)
    i.DMA_StructInit                         0x08000bb6   Section        0  stm32f10x_dma.o(i.DMA_StructInit)
    i.DebugMon_Handler                       0x08000bd0   Section        0  stm32f10x_it.o(i.DebugMon_Handler)
    i.EXTI15_10_IRQHandler                   0x08000bd2   Section        0  bsp_gpio.o(i.EXTI15_10_IRQHandler)
    i.EXTI3_IRQHandler                       0x08000bee   Section        0  bsp_gpio.o(i.EXTI3_IRQHandler)
    i.EXTI_ClearITPendingBit                 0x08000c08   Section        0  stm32f10x_exti.o(i.EXTI_ClearITPendingBit)
    i.EXTI_GetITStatus                       0x08000c14   Section        0  stm32f10x_exti.o(i.EXTI_GetITStatus)
    i.GPIO_Config                            0x08000c34   Section        0  bsp_gpio.o(i.GPIO_Config)
    i.GPIO_Init                              0x08000c5a   Section        0  stm32f10x_gpio.o(i.GPIO_Init)
    i.HardFault_Handler                      0x08000d08   Section        0  stm32f10x_it.o(i.HardFault_Handler)
    i.MemManage_Handler                      0x08000d44   Section        0  stm32f10x_it.o(i.MemManage_Handler)
    i.NMI_Handler                            0x08000d46   Section        0  stm32f10x_it.o(i.NMI_Handler)
    i.NVIC_Init                              0x08000d48   Section        0  misc.o(i.NVIC_Init)
    i.NVIC_PriorityGroupConfig               0x08000dbc   Section        0  misc.o(i.NVIC_PriorityGroupConfig)
    i.RCC_AHBPeriphClockCmd                  0x08000dd0   Section        0  stm32f10x_rcc.o(i.RCC_AHBPeriphClockCmd)
    i.RCC_APB1PeriphClockCmd                 0x08000de8   Section        0  stm32f10x_rcc.o(i.RCC_APB1PeriphClockCmd)
    i.RCC_APB1PeriphResetCmd                 0x08000e00   Section        0  stm32f10x_rcc.o(i.RCC_APB1PeriphResetCmd)
    i.RCC_APB2PeriphClockCmd                 0x08000e18   Section        0  stm32f10x_rcc.o(i.RCC_APB2PeriphClockCmd)
    i.RCC_APB2PeriphResetCmd                 0x08000e30   Section        0  stm32f10x_rcc.o(i.RCC_APB2PeriphResetCmd)
    i.RCC_GetClocksFreq                      0x08000e48   Section        0  stm32f10x_rcc.o(i.RCC_GetClocksFreq)
    i.SystemInit                             0x08000ef4   Section        0  system_stm32f10x.o(i.SystemInit)
    i.TIM2_IRQHandler                        0x08000fe4   Section        0  bsp_encoder.o(i.TIM2_IRQHandler)
    i.TIM4_IRQHandler                        0x08000ff4   Section        0  bsp_encoder.o(i.TIM4_IRQHandler)
    i.USART1_IRQHandler                      0x08001008   Section        0  usartdriver.o(i.USART1_IRQHandler)
    i.USART2_IRQHandler                      0x0800108c   Section        0  usartdriver.o(i.USART2_IRQHandler)
    i.USART3_IRQHandler                      0x08001110   Section        0  usartdriver.o(i.USART3_IRQHandler)
    i.USART_ClearFlag                        0x0800117c   Section        0  stm32f10x_usart.o(i.USART_ClearFlag)
    i.USART_Cmd                              0x08001182   Section        0  stm32f10x_usart.o(i.USART_Cmd)
    i.USART_DMACmd                           0x08001194   Section        0  stm32f10x_usart.o(i.USART_DMACmd)
    i.USART_DeInit                           0x080011a4   Section        0  stm32f10x_usart.o(i.USART_DeInit)
    i.USART_GetFlagStatus                    0x08001248   Section        0  stm32f10x_usart.o(i.USART_GetFlagStatus)
    i.USART_GetITStatus                      0x08001256   Section        0  stm32f10x_usart.o(i.USART_GetITStatus)
    i.USART_ITConfig                         0x080012a2   Section        0  stm32f10x_usart.o(i.USART_ITConfig)
    i.USART_Init                             0x080012d4   Section        0  stm32f10x_usart.o(i.USART_Init)
    i.USART_SendData                         0x08001388   Section        0  stm32f10x_usart.o(i.USART_SendData)
    i.USART_driverInit                       0x08001390   Section        0  usartdriver.o(i.USART_driverInit)
    i.USB_LP_CAN1_RX0_IRQHandler             0x0800180c   Section        0  bsp_can.o(i.USB_LP_CAN1_RX0_IRQHandler)
    i.UsageFault_Handler                     0x08001878   Section        0  stm32f10x_it.o(i.UsageFault_Handler)
    i.__0printf$8                            0x0800187c   Section        0  printf8.o(i.__0printf$8)
    i.__ARM_common_memclr4_8                 0x0800189c   Section        0  bsp_can.o(i.__ARM_common_memclr4_8)
    i.__scatterload_copy                     0x080018a4   Section       14  handlers.o(i.__scatterload_copy)
    i.__scatterload_null                     0x080018b2   Section        2  handlers.o(i.__scatterload_null)
    i.__scatterload_zeroinit                 0x080018b4   Section       14  handlers.o(i.__scatterload_zeroinit)
    i._init_box                              0x080018c2   Section        0  rt_membox.o(i._init_box)
    i._printf_core                           0x0800190c   Section        0  printf8.o(i._printf_core)
    _printf_core                             0x0800190d   Thumb Code   996  printf8.o(i._printf_core)
    i._printf_post_padding                   0x08001d1c   Section        0  printf8.o(i._printf_post_padding)
    _printf_post_padding                     0x08001d1d   Thumb Code    36  printf8.o(i._printf_post_padding)
    i._printf_pre_padding                    0x08001d40   Section        0  printf8.o(i._printf_pre_padding)
    _printf_pre_padding                      0x08001d41   Thumb Code    46  printf8.o(i._printf_pre_padding)
    i.bsp_InitDWT                            0x08001d70   Section        0  bsp_dwt.o(i.bsp_InitDWT)
    i.bsp_init                               0x08001d94   Section        0  bsp.o(i.bsp_init)
    i.fputc                                  0x08001dec   Section        0  usartdriver.o(i.fputc)
    i.isr_sem_send                           0x08001e10   Section        0  rt_semaphore.o(i.isr_sem_send)
    i.main                                   0x08001e20   Section        0  main.o(i.main)
    i.os_error                               0x08001e48   Section        0  rtx_conf_cm.o(i.os_error)
    i.os_idle_demon                          0x08001e4a   Section        0  rtx_conf_cm.o(i.os_idle_demon)
    i.os_tick_init                           0x08001e4c   Section        0  rt_system.o(i.os_tick_init)
    i.os_tick_irqack                         0x08001e74   Section        0  rt_system.o(i.os_tick_irqack)
    i.os_tmr_call                            0x08001e76   Section        0  rtx_conf_cm.o(i.os_tmr_call)
    i.rt_alloc_box                           0x08001e78   Section        0  rt_membox.o(i.rt_alloc_box)
    i.rt_block                               0x08001e94   Section        0  rt_task.o(i.rt_block)
    i.rt_chk_robin                           0x08001ecc   Section        0  rtx_conf_cm.o(i.rt_chk_robin)
    i.rt_dec_dly                             0x08001ed0   Section        0  rt_list.o(i.rt_dec_dly)
    i.rt_dispatch                            0x08001f94   Section        0  rt_task.o(i.rt_dispatch)
    i.rt_dly_wait                            0x08001fe4   Section        0  rt_time.o(i.rt_dly_wait)
    i.rt_evt_psh                             0x08001fec   Section        0  rt_event.o(i.rt_evt_psh)
    i.rt_free_box                            0x0800203c   Section        0  rt_membox.o(i.rt_free_box)
    i.rt_get_first                           0x0800205e   Section        0  rt_list.o(i.rt_get_first)
    i.rt_init_robin                          0x08002088   Section        0  rtx_conf_cm.o(i.rt_init_robin)
    i.rt_init_stack                          0x0800208c   Section        0  hal_cm3.o(i.rt_init_stack)
    i.rt_mbx_psh                             0x080020e8   Section        0  rt_mailbox.o(i.rt_mbx_psh)
    i.rt_pop_req                             0x080021b0   Section        0  rt_system.o(i.rt_pop_req)
    i.rt_psh_req                             0x08002230   Section        0  rt_system.o(i.rt_psh_req)
    i.rt_psq_enq                             0x08002250   Section        0  rt_list.o(i.rt_psq_enq)
    i.rt_put_dly                             0x080022ac   Section        0  rt_list.o(i.rt_put_dly)
    i.rt_put_prio                            0x08002314   Section        0  rt_list.o(i.rt_put_prio)
    i.rt_put_rdy_first                       0x08002358   Section        0  rt_list.o(i.rt_put_rdy_first)
    i.rt_rmv_dly                             0x0800236c   Section        0  rt_list.o(i.rt_rmv_dly)
    i.rt_sem_init                            0x08002398   Section        0  rt_semaphore.o(i.rt_sem_init)
    i.rt_sem_psh                             0x080023a4   Section        0  rt_semaphore.o(i.rt_sem_psh)
    i.rt_stk_check                           0x080023d8   Section        0  rt_system.o(i.rt_stk_check)
    i.rt_switch_req                          0x080023fc   Section        0  rt_task.o(i.rt_switch_req)
    i.rt_sys_init                            0x0800240c   Section        0  rt_task.o(i.rt_sys_init)
    i.rt_systick                             0x080025c0   Section        0  rt_system.o(i.rt_systick)
    i.rt_tmr_tick                            0x08002600   Section        0  rt_timer.o(i.rt_tmr_tick)
    i.rt_tsk_create                          0x08002644   Section        0  rt_task.o(i.rt_tsk_create)
    .constdata                               0x08002730   Section        2  rtx_conf_cm.o(.constdata)
    .constdata                               0x08002734   Section        4  rtx_conf_cm.o(.constdata)
    .constdata                               0x08002738   Section        4  rtx_conf_cm.o(.constdata)
    .constdata                               0x0800273c   Section        1  rtx_conf_cm.o(.constdata)
    .constdata                               0x08002740   Section        8  rtx_conf_cm.o(.constdata)
    __tagsym$$used                           0x08002740   Number         0  rtx_conf_cm.o(.constdata)
    __tagsym$$used                           0x08002744   Number         0  rtx_conf_cm.o(.constdata)
    .constdata                               0x08002748   Section        2  rtx_conf_cm.o(.constdata)
    .constdata                               0x0800274c   Section        4  rtx_conf_cm.o(.constdata)
    .constdata                               0x08002750   Section        1  rtx_conf_cm.o(.constdata)
    .constdata                               0x08002752   Section        2  rtx_conf_cm.o(.constdata)
    .constdata                               0x08002754   Section        4  rt_system.o(.constdata)
    __tagsym$$used                           0x08002754   Number         0  rt_system.o(.constdata)
    .data                                    0x20000000   Section       12  main.o(.data)
    .data                                    0x2000000c   Section        4  rtx_conf_cm.o(.data)
    .data                                    0x20000010   Section       20  stm32f10x_rcc.o(.data)
    ADCPrescTable                            0x20000010   Data           4  stm32f10x_rcc.o(.data)
    APBAHBPrescTable                         0x20000014   Data          16  stm32f10x_rcc.o(.data)
    .data                                    0x20000024   Section       24  usartdriver.o(.data)
    .data                                    0x2000003c   Section        8  rt_system.o(.data)
    os_lock                                  0x2000003c   Data           1  rt_system.o(.data)
    os_psh_flag                              0x2000003d   Data           1  rt_system.o(.data)
    pend_flags                               0x2000003e   Data           1  rt_system.o(.data)
    .data                                    0x20000044   Section        8  rt_task.o(.data)
    .data                                    0x2000004c   Section        4  rt_time.o(.data)
    .data                                    0x20000050   Section        8  rt_timer.o(.data)
    .data                                    0x20000058   Section        4  stdout.o(.data)
    .bss                                     0x20000060   Section     7168  main.o(.bss)
    AppTaskLEDStk                            0x20000060   Data        2048  main.o(.bss)
    AppTaskStartStk                          0x20000860   Data        2048  main.o(.bss)
    AppTaskUSART_TXStk                       0x20001060   Data        1024  main.o(.bss)
    AppTaskUSART_RXStk                       0x20001460   Data        2048  main.o(.bss)
    .bss                                     0x20001c60   Section      460  rtx_conf_cm.o(.bss)
    .bss                                     0x20001e30   Section     3088  rtx_conf_cm.o(.bss)
    .bss                                     0x20002a40   Section      132  rtx_conf_cm.o(.bss)
    .bss                                     0x20002ac4   Section       32  rtx_conf_cm.o(.bss)
    .bss                                     0x20002ae4   Section       52  rtx_conf_cm.o(.bss)
    .bss                                     0x20002b18   Section      390  usartdriver.o(.bss)
    .bss                                     0x20002ca0   Section       40  bsp_can.o(.bss)
    can1_txmessage                           0x20002ca0   Data          20  bsp_can.o(.bss)
    .bss                                     0x20002cc8   Section       48  rt_list.o(.bss)
    .bss                                     0x20002cf8   Section       56  rt_task.o(.bss)
    STACK                                    0x20002d30   Section     1024  startup_stm32f10x_md.o(STACK)

    Global Symbols

    Symbol Name                              Value     Ov Type        Size  Object(Section)

    BuildAttributes$$THM_ISAv4$P$D$K$B$S$PE$A:L22UL41UL21$X:L11$S22US41US21$IEEE1$IW$USESV6$~STKCKD$USESV7$~SHL$OTIME$ROPI$EBA8$MICROLIB$REQ8$PRES8$EABIv2 0x00000000   Number         0  anon$$obj.o ABSOLUTE
    __ARM_use_no_argv                        0x00000000   Number         0  main.o ABSOLUTE
    _printf_a                                0x00000000   Number         0  stubs.o ABSOLUTE
    _printf_c                                0x00000000   Number         0  stubs.o ABSOLUTE
    _printf_charcount                        0x00000000   Number         0  stubs.o ABSOLUTE
    _printf_d                                0x00000000   Number         0  stubs.o ABSOLUTE
    _printf_e                                0x00000000   Number         0  stubs.o ABSOLUTE
    _printf_f                                0x00000000   Number         0  stubs.o ABSOLUTE
    _printf_flags                            0x00000000   Number         0  stubs.o ABSOLUTE
    _printf_fp_dec                           0x00000000   Number         0  stubs.o ABSOLUTE
    _printf_fp_hex                           0x00000000   Number         0  stubs.o ABSOLUTE
    _printf_g                                0x00000000   Number         0  stubs.o ABSOLUTE
    _printf_i                                0x00000000   Number         0  stubs.o ABSOLUTE
    _printf_int_dec                          0x00000000   Number         0  stubs.o ABSOLUTE
    _printf_l                                0x00000000   Number         0  stubs.o ABSOLUTE
    _printf_lc                               0x00000000   Number         0  stubs.o ABSOLUTE
    _printf_ll                               0x00000000   Number         0  stubs.o ABSOLUTE
    _printf_lld                              0x00000000   Number         0  stubs.o ABSOLUTE
    _printf_lli                              0x00000000   Number         0  stubs.o ABSOLUTE
    _printf_llo                              0x00000000   Number         0  stubs.o ABSOLUTE
    _printf_llu                              0x00000000   Number         0  stubs.o ABSOLUTE
    _printf_llx                              0x00000000   Number         0  stubs.o ABSOLUTE
    _printf_longlong_dec                     0x00000000   Number         0  stubs.o ABSOLUTE
    _printf_longlong_hex                     0x00000000   Number         0  stubs.o ABSOLUTE
    _printf_longlong_oct                     0x00000000   Number         0  stubs.o ABSOLUTE
    _printf_ls                               0x00000000   Number         0  stubs.o ABSOLUTE
    _printf_mbtowc                           0x00000000   Number         0  stubs.o ABSOLUTE
    _printf_n                                0x00000000   Number         0  stubs.o ABSOLUTE
    _printf_o                                0x00000000   Number         0  stubs.o ABSOLUTE
    _printf_p                                0x00000000   Number         0  stubs.o ABSOLUTE
    _printf_percent                          0x00000000   Number         0  stubs.o ABSOLUTE
    _printf_pre_padding                      0x00000000   Number         0  stubs.o ABSOLUTE
    _printf_return_value                     0x00000000   Number         0  stubs.o ABSOLUTE
    _printf_s                                0x00000000   Number         0  stubs.o ABSOLUTE
    _printf_sizespec                         0x00000000   Number         0  stubs.o ABSOLUTE
    _printf_str                              0x00000000   Number         0  stubs.o ABSOLUTE
    _printf_truncate_signed                  0x00000000   Number         0  stubs.o ABSOLUTE
    _printf_truncate_unsigned                0x00000000   Number         0  stubs.o ABSOLUTE
    _printf_u                                0x00000000   Number         0  stubs.o ABSOLUTE
    _printf_wc                               0x00000000   Number         0  stubs.o ABSOLUTE
    _printf_wctomb                           0x00000000   Number         0  stubs.o ABSOLUTE
    _printf_widthprec                        0x00000000   Number         0  stubs.o ABSOLUTE
    _printf_x                                0x00000000   Number         0  stubs.o ABSOLUTE
    __cpp_initialize__aeabi_                  - Undefined Weak Reference
    __cxa_finalize                            - Undefined Weak Reference
    __decompress                              - Undefined Weak Reference
    _clock_init                               - Undefined Weak Reference
    _microlib_exit                            - Undefined Weak Reference
    __Vectors_Size                           0x000000ec   Number         0  startup_stm32f10x_md.o ABSOLUTE
    __RL_RTX_VER                             0x00000473   Number         0  rt_system.o ABSOLUTE
    __Vectors                                0x08000000   Data           4  startup_stm32f10x_md.o(RESET)
    __Vectors_End                            0x080000ec   Data           0  startup_stm32f10x_md.o(RESET)
    __main                                   0x080000ed   Thumb Code     0  entry.o(.ARM.Collect$$$$00000000)
    _main_stk                                0x080000ed   Thumb Code     0  entry2.o(.ARM.Collect$$$$00000001)
    _main_scatterload                        0x080000f1   Thumb Code     0  entry5.o(.ARM.Collect$$$$00000004)
    __main_after_scatterload                 0x080000f5   Thumb Code     0  entry5.o(.ARM.Collect$$$$00000004)
    _main_clock                              0x080000f5   Thumb Code     0  entry7b.o(.ARM.Collect$$$$00000008)
    _main_cpp_init                           0x080000f5   Thumb Code     0  entry8b.o(.ARM.Collect$$$$0000000A)
    _main_init                               0x080000f5   Thumb Code     0  entry9a.o(.ARM.Collect$$$$0000000B)
    __rt_final_cpp                           0x080000fd   Thumb Code     0  entry10a.o(.ARM.Collect$$$$0000000D)
    __rt_final_exit                          0x080000fd   Thumb Code     0  entry11a.o(.ARM.Collect$$$$0000000F)
    rt_set_PSP                               0x08000101   Thumb Code     6  hal_cm3.o(.emb_text)
    rt_get_PSP                               0x08000107   Thumb Code     6  hal_cm3.o(.emb_text)
    os_set_env                               0x0800010d   Thumb Code    24  hal_cm3.o(.emb_text)
    _alloc_box                               0x08000129   Thumb Code    28  hal_cm3.o(.emb_text)
    _free_box                                0x08000149   Thumb Code    28  hal_cm3.o(.emb_text)
    SVC_Handler                              0x08000169   Thumb Code   124  hal_cm3.o(.emb_text)
    PendSV_Handler                           0x080001f1   Thumb Code    76  hal_cm3.o(.emb_text)
    SysTick_Handler                          0x08000241   Thumb Code     8  hal_cm3.o(.emb_text)
    OS_Tick_Handler                          0x08000249   Thumb Code    12  hal_cm3.o(.emb_text)
    Reset_Handler                            0x08000255   Thumb Code     8  startup_stm32f10x_md.o(.text)
    ADC1_2_IRQHandler                        0x0800026f   Thumb Code     0  startup_stm32f10x_md.o(.text)
    CAN1_RX1_IRQHandler                      0x0800026f   Thumb Code     0  startup_stm32f10x_md.o(.text)
    CAN1_SCE_IRQHandler                      0x0800026f   Thumb Code     0  startup_stm32f10x_md.o(.text)
    DMA1_Channel1_IRQHandler                 0x0800026f   Thumb Code     0  startup_stm32f10x_md.o(.text)
    DMA1_Channel3_IRQHandler                 0x0800026f   Thumb Code     0  startup_stm32f10x_md.o(.text)
    DMA1_Channel6_IRQHandler                 0x0800026f   Thumb Code     0  startup_stm32f10x_md.o(.text)
    EXTI0_IRQHandler                         0x0800026f   Thumb Code     0  startup_stm32f10x_md.o(.text)
    EXTI1_IRQHandler                         0x0800026f   Thumb Code     0  startup_stm32f10x_md.o(.text)
    EXTI2_IRQHandler                         0x0800026f   Thumb Code     0  startup_stm32f10x_md.o(.text)
    EXTI4_IRQHandler                         0x0800026f   Thumb Code     0  startup_stm32f10x_md.o(.text)
    EXTI9_5_IRQHandler                       0x0800026f   Thumb Code     0  startup_stm32f10x_md.o(.text)
    FLASH_IRQHandler                         0x0800026f   Thumb Code     0  startup_stm32f10x_md.o(.text)
    I2C1_ER_IRQHandler                       0x0800026f   Thumb Code     0  startup_stm32f10x_md.o(.text)
    I2C1_EV_IRQHandler                       0x0800026f   Thumb Code     0  startup_stm32f10x_md.o(.text)
    I2C2_ER_IRQHandler                       0x0800026f   Thumb Code     0  startup_stm32f10x_md.o(.text)
    I2C2_EV_IRQHandler                       0x0800026f   Thumb Code     0  startup_stm32f10x_md.o(.text)
    PVD_IRQHandler                           0x0800026f   Thumb Code     0  startup_stm32f10x_md.o(.text)
    RCC_IRQHandler                           0x0800026f   Thumb Code     0  startup_stm32f10x_md.o(.text)
    RTCAlarm_IRQHandler                      0x0800026f   Thumb Code     0  startup_stm32f10x_md.o(.text)
    RTC_IRQHandler                           0x0800026f   Thumb Code     0  startup_stm32f10x_md.o(.text)
    SPI1_IRQHandler                          0x0800026f   Thumb Code     0  startup_stm32f10x_md.o(.text)
    SPI2_IRQHandler                          0x0800026f   Thumb Code     0  startup_stm32f10x_md.o(.text)
    TAMPER_IRQHandler                        0x0800026f   Thumb Code     0  startup_stm32f10x_md.o(.text)
    TIM1_BRK_IRQHandler                      0x0800026f   Thumb Code     0  startup_stm32f10x_md.o(.text)
    TIM1_CC_IRQHandler                       0x0800026f   Thumb Code     0  startup_stm32f10x_md.o(.text)
    TIM1_TRG_COM_IRQHandler                  0x0800026f   Thumb Code     0  startup_stm32f10x_md.o(.text)
    TIM1_UP_IRQHandler                       0x0800026f   Thumb Code     0  startup_stm32f10x_md.o(.text)
    TIM3_IRQHandler                          0x0800026f   Thumb Code     0  startup_stm32f10x_md.o(.text)
    USBWakeUp_IRQHandler                     0x0800026f   Thumb Code     0  startup_stm32f10x_md.o(.text)
    USB_HP_CAN1_TX_IRQHandler                0x0800026f   Thumb Code     0  startup_stm32f10x_md.o(.text)
    WWDG_IRQHandler                          0x0800026f   Thumb Code     0  startup_stm32f10x_md.o(.text)
    __aeabi_uldivmod                         0x08000279   Thumb Code    98  uldiv.o(.text)
    __scatterload                            0x080002dd   Thumb Code    28  init.o(.text)
    __scatterload_rt2                        0x080002dd   Thumb Code     0  init.o(.text)
    __aeabi_llsl                             0x08000301   Thumb Code    30  llshl.o(.text)
    _ll_shift_l                              0x08000301   Thumb Code     0  llshl.o(.text)
    __aeabi_llsr                             0x0800031f   Thumb Code    32  llushr.o(.text)
    _ll_ushift_r                             0x0800031f   Thumb Code     0  llushr.o(.text)
    SVC_Count                                0x08000340   Data           4  svc_table.o(SVC_TABLE)
    AppTaskLED                               0x08000345   Thumb Code    10  main.o(i.AppTaskLED)
    SVC_Table                                0x08000344   Data           0  svc_table.o(SVC_TABLE)
    AppTaskStart                             0x08000355   Thumb Code    88  main.o(i.AppTaskStart)
    AppTaskUSART_RX                          0x080003e9   Thumb Code    10  main.o(i.AppTaskUSART_RX)
    AppTaskUSART_TX                          0x080003f9   Thumb Code    10  main.o(i.AppTaskUSART_TX)
    BusFault_Handler                         0x08000409   Thumb Code     2  stm32f10x_it.o(i.BusFault_Handler)
    CAN1_Init                                0x0800040d   Thumb Code   224  bsp_can.o(i.CAN1_Init)
    CAN_CMD_TX                               0x080004f5   Thumb Code    56  bsp_can.o(i.CAN_CMD_TX)
    CAN_DeInit                               0x08000535   Thumb Code    58  stm32f10x_can.o(i.CAN_DeInit)
    CAN_FilterInit                           0x08000571   Thumb Code   218  stm32f10x_can.o(i.CAN_FilterInit)
    CAN_ITConfig                             0x08000661   Thumb Code    16  stm32f10x_can.o(i.CAN_ITConfig)
    CAN_Init                                 0x08000671   Thumb Code   244  stm32f10x_can.o(i.CAN_Init)
    CAN_Receive                              0x08000765   Thumb Code   180  stm32f10x_can.o(i.CAN_Receive)
    CAN_RxMesInit                            0x08000819   Thumb Code    26  bsp_can.o(i.CAN_RxMesInit)
    CAN_StructInit                           0x08000833   Thumb Code    32  stm32f10x_can.o(i.CAN_StructInit)
    CAN_Transmit                             0x08000855   Thumb Code   194  stm32f10x_can.o(i.CAN_Transmit)
    DBGMCU_Config                            0x08000919   Thumb Code    18  stm32f10x_dbgmcu.o(i.DBGMCU_Config)
    DMA1_Channel2_IRQHandler                 0x08000931   Thumb Code    34  usartdriver.o(i.DMA1_Channel2_IRQHandler)
    DMA1_Channel4_IRQHandler                 0x08000959   Thumb Code    38  usartdriver.o(i.DMA1_Channel4_IRQHandler)
    DMA1_Channel5_IRQHandler                 0x08000985   Thumb Code    34  usartdriver.o(i.DMA1_Channel5_IRQHandler)
    DMA1_Channel7_IRQHandler                 0x080009b5   Thumb Code    38  usartdriver.o(i.DMA1_Channel7_IRQHandler)
    DMA_ClearFlag                            0x080009e1   Thumb Code    16  stm32f10x_dma.o(i.DMA_ClearFlag)
    DMA_ClearITPendingBit                    0x080009f9   Thumb Code    16  stm32f10x_dma.o(i.DMA_ClearITPendingBit)
    DMA_Cmd                                  0x08000a11   Thumb Code    20  stm32f10x_dma.o(i.DMA_Cmd)
    DMA_DeInit                               0x08000a25   Thumb Code   206  stm32f10x_dma.o(i.DMA_DeInit)
    DMA_GetCurrDataCounter                   0x08000b29   Thumb Code     6  stm32f10x_dma.o(i.DMA_GetCurrDataCounter)
    DMA_GetITStatus                          0x08000b31   Thumb Code    24  stm32f10x_dma.o(i.DMA_GetITStatus)
    DMA_ITConfig                             0x08000b51   Thumb Code    16  stm32f10x_dma.o(i.DMA_ITConfig)
    DMA_Init                                 0x08000b61   Thumb Code    82  stm32f10x_dma.o(i.DMA_Init)
    DMA_SetCurrDataCounter                   0x08000bb3   Thumb Code     4  stm32f10x_dma.o(i.DMA_SetCurrDataCounter)
    DMA_StructInit                           0x08000bb7   Thumb Code    26  stm32f10x_dma.o(i.DMA_StructInit)
    DebugMon_Handler                         0x08000bd1   Thumb Code     2  stm32f10x_it.o(i.DebugMon_Handler)
    EXTI15_10_IRQHandler                     0x08000bd3   Thumb Code    28  bsp_gpio.o(i.EXTI15_10_IRQHandler)
    EXTI3_IRQHandler                         0x08000bef   Thumb Code    24  bsp_gpio.o(i.EXTI3_IRQHandler)
    EXTI_ClearITPendingBit                   0x08000c09   Thumb Code     6  stm32f10x_exti.o(i.EXTI_ClearITPendingBit)
    EXTI_GetITStatus                         0x08000c15   Thumb Code    24  stm32f10x_exti.o(i.EXTI_GetITStatus)
    GPIO_Config                              0x08000c35   Thumb Code    38  bsp_gpio.o(i.GPIO_Config)
    GPIO_Init                                0x08000c5b   Thumb Code   174  stm32f10x_gpio.o(i.GPIO_Init)
    HardFault_Handler                        0x08000d09   Thumb Code    10  stm32f10x_it.o(i.HardFault_Handler)
    MemManage_Handler                        0x08000d45   Thumb Code     2  stm32f10x_it.o(i.MemManage_Handler)
    NMI_Handler                              0x08000d47   Thumb Code     2  stm32f10x_it.o(i.NMI_Handler)
    NVIC_Init                                0x08000d49   Thumb Code   112  misc.o(i.NVIC_Init)
    NVIC_PriorityGroupConfig                 0x08000dbd   Thumb Code    14  misc.o(i.NVIC_PriorityGroupConfig)
    RCC_AHBPeriphClockCmd                    0x08000dd1   Thumb Code    18  stm32f10x_rcc.o(i.RCC_AHBPeriphClockCmd)
    RCC_APB1PeriphClockCmd                   0x08000de9   Thumb Code    18  stm32f10x_rcc.o(i.RCC_APB1PeriphClockCmd)
    RCC_APB1PeriphResetCmd                   0x08000e01   Thumb Code    18  stm32f10x_rcc.o(i.RCC_APB1PeriphResetCmd)
    RCC_APB2PeriphClockCmd                   0x08000e19   Thumb Code    18  stm32f10x_rcc.o(i.RCC_APB2PeriphClockCmd)
    RCC_APB2PeriphResetCmd                   0x08000e31   Thumb Code    18  stm32f10x_rcc.o(i.RCC_APB2PeriphResetCmd)
    RCC_GetClocksFreq                        0x08000e49   Thumb Code   152  stm32f10x_rcc.o(i.RCC_GetClocksFreq)
    SystemInit                               0x08000ef5   Thumb Code   222  system_stm32f10x.o(i.SystemInit)
    TIM2_IRQHandler                          0x08000fe5   Thumb Code    16  bsp_encoder.o(i.TIM2_IRQHandler)
    TIM4_IRQHandler                          0x08000ff5   Thumb Code    14  bsp_encoder.o(i.TIM4_IRQHandler)
    USART1_IRQHandler                        0x08001009   Thumb Code    94  usartdriver.o(i.USART1_IRQHandler)
    USART2_IRQHandler                        0x0800108d   Thumb Code    94  usartdriver.o(i.USART2_IRQHandler)
    USART3_IRQHandler                        0x08001111   Thumb Code    88  usartdriver.o(i.USART3_IRQHandler)
    USART_ClearFlag                          0x0800117d   Thumb Code     6  stm32f10x_usart.o(i.USART_ClearFlag)
    USART_Cmd                                0x08001183   Thumb Code    18  stm32f10x_usart.o(i.USART_Cmd)
    USART_DMACmd                             0x08001195   Thumb Code    16  stm32f10x_usart.o(i.USART_DMACmd)
    USART_DeInit                             0x080011a5   Thumb Code   164  stm32f10x_usart.o(i.USART_DeInit)
    USART_GetFlagStatus                      0x08001249   Thumb Code    14  stm32f10x_usart.o(i.USART_GetFlagStatus)
    USART_GetITStatus                        0x08001257   Thumb Code    76  stm32f10x_usart.o(i.USART_GetITStatus)
    USART_ITConfig                           0x080012a3   Thumb Code    48  stm32f10x_usart.o(i.USART_ITConfig)
    USART_Init                               0x080012d5   Thumb Code   174  stm32f10x_usart.o(i.USART_Init)
    USART_SendData                           0x08001389   Thumb Code     8  stm32f10x_usart.o(i.USART_SendData)
    USART_driverInit                         0x08001391   Thumb Code  1144  usartdriver.o(i.USART_driverInit)
    USB_LP_CAN1_RX0_IRQHandler               0x0800180d   Thumb Code    54  bsp_can.o(i.USB_LP_CAN1_RX0_IRQHandler)
    UsageFault_Handler                       0x08001879   Thumb Code     2  stm32f10x_it.o(i.UsageFault_Handler)
    __0printf$8                              0x0800187d   Thumb Code    22  printf8.o(i.__0printf$8)
    __1printf$8                              0x0800187d   Thumb Code     0  printf8.o(i.__0printf$8)
    __2printf                                0x0800187d   Thumb Code     0  printf8.o(i.__0printf$8)
    __ARM_common_memclr4_8                   0x0800189d   Thumb Code     8  bsp_can.o(i.__ARM_common_memclr4_8)
    __scatterload_copy                       0x080018a5   Thumb Code    14  handlers.o(i.__scatterload_copy)
    __scatterload_null                       0x080018b3   Thumb Code     2  handlers.o(i.__scatterload_null)
    __scatterload_zeroinit                   0x080018b5   Thumb Code    14  handlers.o(i.__scatterload_zeroinit)
    _init_box                                0x080018c3   Thumb Code    72  rt_membox.o(i._init_box)
    bsp_InitDWT                              0x08001d71   Thumb Code    26  bsp_dwt.o(i.bsp_InitDWT)
    bsp_init                                 0x08001d95   Thumb Code    68  bsp.o(i.bsp_init)
    fputc                                    0x08001ded   Thumb Code    30  usartdriver.o(i.fputc)
    isr_sem_send                             0x08001e11   Thumb Code    16  rt_semaphore.o(i.isr_sem_send)
    main                                     0x08001e21   Thumb Code    22  main.o(i.main)
    os_error                                 0x08001e49   Thumb Code     2  rtx_conf_cm.o(i.os_error)
    os_idle_demon                            0x08001e4b   Thumb Code     2  rtx_conf_cm.o(i.os_idle_demon)
    os_tick_init                             0x08001e4d   Thumb Code    32  rt_system.o(i.os_tick_init)
    os_tick_irqack                           0x08001e75   Thumb Code     2  rt_system.o(i.os_tick_irqack)
    os_tmr_call                              0x08001e77   Thumb Code     2  rtx_conf_cm.o(i.os_tmr_call)
    rt_alloc_box                             0x08001e79   Thumb Code    26  rt_membox.o(i.rt_alloc_box)
    rt_block                                 0x08001e95   Thumb Code    48  rt_task.o(i.rt_block)
    rt_chk_robin                             0x08001ecd   Thumb Code     2  rtx_conf_cm.o(i.rt_chk_robin)
    rt_dec_dly                               0x08001ed1   Thumb Code   184  rt_list.o(i.rt_dec_dly)
    rt_dispatch                              0x08001f95   Thumb Code    70  rt_task.o(i.rt_dispatch)
    rt_dly_wait                              0x08001fe5   Thumb Code     6  rt_time.o(i.rt_dly_wait)
    rt_evt_psh                               0x08001fed   Thumb Code    76  rt_event.o(i.rt_evt_psh)
    rt_free_box                              0x0800203d   Thumb Code    34  rt_membox.o(i.rt_free_box)
    rt_get_first                             0x0800205f   Thumb Code    42  rt_list.o(i.rt_get_first)
    rt_init_robin                            0x08002089   Thumb Code     2  rtx_conf_cm.o(i.rt_init_robin)
    rt_init_stack                            0x0800208d   Thumb Code    84  hal_cm3.o(i.rt_init_stack)
    rt_mbx_psh                               0x080020e9   Thumb Code   194  rt_mailbox.o(i.rt_mbx_psh)
    rt_pop_req                               0x080021b1   Thumb Code   116  rt_system.o(i.rt_pop_req)
    rt_psh_req                               0x08002231   Thumb Code    24  rt_system.o(i.rt_psh_req)
    rt_psq_enq                               0x08002251   Thumb Code    88  rt_list.o(i.rt_psq_enq)
    rt_put_dly                               0x080022ad   Thumb Code    98  rt_list.o(i.rt_put_dly)
    rt_put_prio                              0x08002315   Thumb Code    66  rt_list.o(i.rt_put_prio)
    rt_put_rdy_first                         0x08002359   Thumb Code    14  rt_list.o(i.rt_put_rdy_first)
    rt_rmv_dly                               0x0800236d   Thumb Code    44  rt_list.o(i.rt_rmv_dly)
    rt_sem_init                              0x08002399   Thumb Code    12  rt_semaphore.o(i.rt_sem_init)
    rt_sem_psh                               0x080023a5   Thumb Code    46  rt_semaphore.o(i.rt_sem_psh)
    rt_stk_check                             0x080023d9   Thumb Code    28  rt_system.o(i.rt_stk_check)
    rt_switch_req                            0x080023fd   Thumb Code    10  rt_task.o(i.rt_switch_req)
    rt_sys_init                              0x0800240d   Thumb Code   356  rt_task.o(i.rt_sys_init)
    rt_systick                               0x080025c1   Thumb Code    50  rt_system.o(i.rt_systick)
    rt_tmr_tick                              0x08002601   Thumb Code    60  rt_timer.o(i.rt_tmr_tick)
    rt_tsk_create                            0x08002645   Thumb Code   214  rt_task.o(i.rt_tsk_create)
    os_maxtaskrun                            0x08002730   Data           2  rtx_conf_cm.o(.constdata)
    os_stackinfo                             0x08002734   Data           4  rtx_conf_cm.o(.constdata)
    os_trv                                   0x08002738   Data           4  rtx_conf_cm.o(.constdata)
    os_flags                                 0x0800273c   Data           1  rtx_conf_cm.o(.constdata)
    os_clockrate                             0x08002740   Data           4  rtx_conf_cm.o(.constdata)
    os_timernum                              0x08002744   Data           4  rtx_conf_cm.o(.constdata)
    mp_tcb_size                              0x08002748   Data           2  rtx_conf_cm.o(.constdata)
    mp_stk_size                              0x0800274c   Data           4  rtx_conf_cm.o(.constdata)
    os_fifo_size                             0x08002750   Data           1  rtx_conf_cm.o(.constdata)
    mp_tmr_size                              0x08002752   Data           2  rtx_conf_cm.o(.constdata)
    RL_RTX_Version                           0x08002754   Data           4  rt_system.o(.constdata)
    Region$$Table$$Base                      0x08002758   Number         0  anon$$obj.o(Region$$Table)
    Region$$Table$$Limit                     0x08002778   Number         0  anon$$obj.o(Region$$Table)
    HandleTaskLED                            0x20000000   Data           4  main.o(.data)
    HandleTaskUSART_TX                       0x20000004   Data           4  main.o(.data)
    HandleTaskUSART_RX                       0x20000008   Data           4  main.o(.data)
    m_tmr                                    0x2000000c   Data           4  rtx_conf_cm.o(.data)
    g_usartRecvSem_1                         0x20000024   Data           8  usartdriver.o(.data)
    g_usartRecvSem_2                         0x2000002c   Data           8  usartdriver.o(.data)
    g_usartRecvSem_3                         0x20000034   Data           8  usartdriver.o(.data)
    os_tick_irqn                             0x20000040   Data           4  rt_system.o(.data)
    os_tsk                                   0x20000044   Data           8  rt_task.o(.data)
    os_time                                  0x2000004c   Data           4  rt_time.o(.data)
    os_tmr                                   0x20000050   Data           8  rt_timer.o(.data)
    __stdout                                 0x20000058   Data           4  stdout.o(.data)
    mp_tcb                                   0x20001c60   Data         460  rtx_conf_cm.o(.bss)
    mp_stk                                   0x20001e30   Data        3088  rtx_conf_cm.o(.bss)
    os_fifo                                  0x20002a40   Data         132  rtx_conf_cm.o(.bss)
    os_active_TCB                            0x20002ac4   Data          32  rtx_conf_cm.o(.bss)
    mp_tmr                                   0x20002ae4   Data          52  rtx_conf_cm.o(.bss)
    g_usartRecv_1                            0x20002b18   Data         130  usartdriver.o(.bss)
    g_usartRecv_2                            0x20002b9a   Data         130  usartdriver.o(.bss)
    g_usartRecv_3                            0x20002c1c   Data         130  usartdriver.o(.bss)
    rx1_message                              0x20002cb4   Data          20  bsp_can.o(.bss)
    os_rdy                                   0x20002cc8   Data          24  rt_list.o(.bss)
    os_dly                                   0x20002ce0   Data          24  rt_list.o(.bss)
    os_idle_TCB                              0x20002cf8   Data          56  rt_task.o(.bss)
    __initial_sp                             0x20003130   Data           0  startup_stm32f10x_md.o(STACK)



==============================================================================

Memory Map of the image

  Image Entry point : 0x080000ed

  Load Region LR_IROM1 (Base: 0x08000000, Size: 0x000027d4, Max: 0x00010000, ABSOLUTE)

    Execution Region ER_IROM1 (Exec base: 0x08000000, Load base: 0x08000000, Size: 0x00002778, Max: 0x00010000, ABSOLUTE)

    Exec Addr    Load Addr    Size         Type   Attr      Idx    E Section Name        Object

    0x08000000   0x08000000   0x000000ec   Data   RO         3031    RESET               startup_stm32f10x_md.o
    0x080000ec   0x080000ec   0x00000000   Code   RO         3654  * .ARM.Collect$$$$00000000  mc_w.l(entry.o)
    0x080000ec   0x080000ec   0x00000004   Code   RO         3930    .ARM.Collect$$$$00000001  mc_w.l(entry2.o)
    0x080000f0   0x080000f0   0x00000004   Code   RO         3933    .ARM.Collect$$$$00000004  mc_w.l(entry5.o)
    0x080000f4   0x080000f4   0x00000000   Code   RO         3935    .ARM.Collect$$$$00000008  mc_w.l(entry7b.o)
    0x080000f4   0x080000f4   0x00000000   Code   RO         3937    .ARM.Collect$$$$0000000A  mc_w.l(entry8b.o)
    0x080000f4   0x080000f4   0x00000008   Code   RO         3938    .ARM.Collect$$$$0000000B  mc_w.l(entry9a.o)
    0x080000fc   0x080000fc   0x00000000   Code   RO         3940    .ARM.Collect$$$$0000000D  mc_w.l(entry10a.o)
    0x080000fc   0x080000fc   0x00000000   Code   RO         3942    .ARM.Collect$$$$0000000F  mc_w.l(entry11a.o)
    0x080000fc   0x080000fc   0x00000004   Code   RO         3931    .ARM.Collect$$$$00002712  mc_w.l(entry2.o)
    0x08000100   0x08000100   0x00000154   Code   RO         3610    .emb_text           hal_cm3.o
    0x08000254   0x08000254   0x00000024   Code   RO         3032    .text               startup_stm32f10x_md.o
    0x08000278   0x08000278   0x00000062   Code   RO         3947    .text               mc_w.l(uldiv.o)
    0x080002da   0x080002da   0x00000002   PAD
    0x080002dc   0x080002dc   0x00000024   Code   RO         3962    .text               mc_w.l(init.o)
    0x08000300   0x08000300   0x0000001e   Code   RO         3964    .text               mc_w.l(llshl.o)
    0x0800031e   0x0800031e   0x00000020   Code   RO         3966    .text               mc_w.l(llushr.o)
    0x0800033e   0x0800033e   0x00000002   PAD
    0x08000340   0x08000340   0x00000004   Code   RO         3651    SVC_TABLE           svc_table.o
    0x08000344   0x08000344   0x00000010   Code   RO            3    i.AppTaskLED        main.o
    0x08000354   0x08000354   0x00000094   Code   RO            4    i.AppTaskStart      main.o
    0x080003e8   0x080003e8   0x00000010   Code   RO            5    i.AppTaskUSART_RX   main.o
    0x080003f8   0x080003f8   0x00000010   Code   RO            6    i.AppTaskUSART_TX   main.o
    0x08000408   0x08000408   0x00000002   Code   RO         2593    i.BusFault_Handler  stm32f10x_it.o
    0x0800040a   0x0800040a   0x00000002   PAD
    0x0800040c   0x0800040c   0x000000e8   Code   RO         2965    i.CAN1_Init         bsp_can.o
    0x080004f4   0x080004f4   0x00000040   Code   RO         2966    i.CAN_CMD_TX        bsp_can.o
    0x08000534   0x08000534   0x0000003a   Code   RO         2263    i.CAN_DeInit        stm32f10x_can.o
    0x0800056e   0x0800056e   0x00000002   PAD
    0x08000570   0x08000570   0x000000f0   Code   RO         2265    i.CAN_FilterInit    stm32f10x_can.o
    0x08000660   0x08000660   0x00000010   Code   RO         2271    i.CAN_ITConfig      stm32f10x_can.o
    0x08000670   0x08000670   0x000000f4   Code   RO         2272    i.CAN_Init          stm32f10x_can.o
    0x08000764   0x08000764   0x000000b4   Code   RO         2275    i.CAN_Receive       stm32f10x_can.o
    0x08000818   0x08000818   0x0000001a   Code   RO         2967    i.CAN_RxMesInit     bsp_can.o
    0x08000832   0x08000832   0x00000020   Code   RO         2278    i.CAN_StructInit    stm32f10x_can.o
    0x08000852   0x08000852   0x00000002   PAD
    0x08000854   0x08000854   0x000000c2   Code   RO         2280    i.CAN_Transmit      stm32f10x_can.o
    0x08000916   0x08000916   0x00000002   PAD
    0x08000918   0x08000918   0x00000018   Code   RO         1917    i.DBGMCU_Config     stm32f10x_dbgmcu.o
    0x08000930   0x08000930   0x00000028   Code   RO         2663    i.DMA1_Channel2_IRQHandler  usartdriver.o
    0x08000958   0x08000958   0x0000002c   Code   RO         2664    i.DMA1_Channel4_IRQHandler  usartdriver.o
    0x08000984   0x08000984   0x00000030   Code   RO         2665    i.DMA1_Channel5_IRQHandler  usartdriver.o
    0x080009b4   0x080009b4   0x0000002c   Code   RO         2666    i.DMA1_Channel7_IRQHandler  usartdriver.o
    0x080009e0   0x080009e0   0x00000018   Code   RO         1949    i.DMA_ClearFlag     stm32f10x_dma.o
    0x080009f8   0x080009f8   0x00000018   Code   RO         1950    i.DMA_ClearITPendingBit  stm32f10x_dma.o
    0x08000a10   0x08000a10   0x00000014   Code   RO         1951    i.DMA_Cmd           stm32f10x_dma.o
    0x08000a24   0x08000a24   0x00000104   Code   RO         1952    i.DMA_DeInit        stm32f10x_dma.o
    0x08000b28   0x08000b28   0x00000006   Code   RO         1953    i.DMA_GetCurrDataCounter  stm32f10x_dma.o
    0x08000b2e   0x08000b2e   0x00000002   PAD
    0x08000b30   0x08000b30   0x00000020   Code   RO         1955    i.DMA_GetITStatus   stm32f10x_dma.o
    0x08000b50   0x08000b50   0x00000010   Code   RO         1956    i.DMA_ITConfig      stm32f10x_dma.o
    0x08000b60   0x08000b60   0x00000052   Code   RO         1957    i.DMA_Init          stm32f10x_dma.o
    0x08000bb2   0x08000bb2   0x00000004   Code   RO         1958    i.DMA_SetCurrDataCounter  stm32f10x_dma.o
    0x08000bb6   0x08000bb6   0x0000001a   Code   RO         1959    i.DMA_StructInit    stm32f10x_dma.o
    0x08000bd0   0x08000bd0   0x00000002   Code   RO         2594    i.DebugMon_Handler  stm32f10x_it.o
    0x08000bd2   0x08000bd2   0x0000001c   Code   RO         2419    i.EXTI15_10_IRQHandler  bsp_gpio.o
    0x08000bee   0x08000bee   0x00000018   Code   RO         2420    i.EXTI3_IRQHandler  bsp_gpio.o
    0x08000c06   0x08000c06   0x00000002   PAD
    0x08000c08   0x08000c08   0x0000000c   Code   RO          729    i.EXTI_ClearITPendingBit  stm32f10x_exti.o
    0x08000c14   0x08000c14   0x00000020   Code   RO          733    i.EXTI_GetITStatus  stm32f10x_exti.o
    0x08000c34   0x08000c34   0x00000026   Code   RO         2421    i.GPIO_Config       bsp_gpio.o
    0x08000c5a   0x08000c5a   0x000000ae   Code   RO          366    i.GPIO_Init         stm32f10x_gpio.o
    0x08000d08   0x08000d08   0x0000003c   Code   RO         2595    i.HardFault_Handler  stm32f10x_it.o
    0x08000d44   0x08000d44   0x00000002   Code   RO         2596    i.MemManage_Handler  stm32f10x_it.o
    0x08000d46   0x08000d46   0x00000002   Code   RO         2597    i.NMI_Handler       stm32f10x_it.o
    0x08000d48   0x08000d48   0x00000074   Code   RO          316    i.NVIC_Init         misc.o
    0x08000dbc   0x08000dbc   0x00000014   Code   RO          317    i.NVIC_PriorityGroupConfig  misc.o
    0x08000dd0   0x08000dd0   0x00000018   Code   RO          483    i.RCC_AHBPeriphClockCmd  stm32f10x_rcc.o
    0x08000de8   0x08000de8   0x00000018   Code   RO          484    i.RCC_APB1PeriphClockCmd  stm32f10x_rcc.o
    0x08000e00   0x08000e00   0x00000018   Code   RO          485    i.RCC_APB1PeriphResetCmd  stm32f10x_rcc.o
    0x08000e18   0x08000e18   0x00000018   Code   RO          486    i.RCC_APB2PeriphClockCmd  stm32f10x_rcc.o
    0x08000e30   0x08000e30   0x00000018   Code   RO          487    i.RCC_APB2PeriphResetCmd  stm32f10x_rcc.o
    0x08000e48   0x08000e48   0x000000ac   Code   RO          494    i.RCC_GetClocksFreq  stm32f10x_rcc.o
    0x08000ef4   0x08000ef4   0x000000f0   Code   RO         3039    i.SystemInit        system_stm32f10x.o
    0x08000fe4   0x08000fe4   0x00000010   Code   RO         2922    i.TIM2_IRQHandler   bsp_encoder.o
    0x08000ff4   0x08000ff4   0x00000014   Code   RO         2923    i.TIM4_IRQHandler   bsp_encoder.o
    0x08001008   0x08001008   0x00000084   Code   RO         2667    i.USART1_IRQHandler  usartdriver.o
    0x0800108c   0x0800108c   0x00000084   Code   RO         2668    i.USART2_IRQHandler  usartdriver.o
    0x08001110   0x08001110   0x0000006c   Code   RO         2669    i.USART3_IRQHandler  usartdriver.o
    0x0800117c   0x0800117c   0x00000006   Code   RO         1575    i.USART_ClearFlag   stm32f10x_usart.o
    0x08001182   0x08001182   0x00000012   Code   RO         1579    i.USART_Cmd         stm32f10x_usart.o
    0x08001194   0x08001194   0x00000010   Code   RO         1580    i.USART_DMACmd      stm32f10x_usart.o
    0x080011a4   0x080011a4   0x000000a4   Code   RO         1581    i.USART_DeInit      stm32f10x_usart.o
    0x08001248   0x08001248   0x0000000e   Code   RO         1582    i.USART_GetFlagStatus  stm32f10x_usart.o
    0x08001256   0x08001256   0x0000004c   Code   RO         1583    i.USART_GetITStatus  stm32f10x_usart.o
    0x080012a2   0x080012a2   0x00000030   Code   RO         1585    i.USART_ITConfig    stm32f10x_usart.o
    0x080012d2   0x080012d2   0x00000002   PAD
    0x080012d4   0x080012d4   0x000000b4   Code   RO         1586    i.USART_Init        stm32f10x_usart.o
    0x08001388   0x08001388   0x00000008   Code   RO         1596    i.USART_SendData    stm32f10x_usart.o
    0x08001390   0x08001390   0x0000047c   Code   RO         2670    i.USART_driverInit  usartdriver.o
    0x0800180c   0x0800180c   0x0000006c   Code   RO         2968    i.USB_LP_CAN1_RX0_IRQHandler  bsp_can.o
    0x08001878   0x08001878   0x00000002   Code   RO         2598    i.UsageFault_Handler  stm32f10x_it.o
    0x0800187a   0x0800187a   0x00000002   PAD
    0x0800187c   0x0800187c   0x00000020   Code   RO         3864    i.__0printf$8       mc_w.l(printf8.o)
    0x0800189c   0x0800189c   0x00000008   Code   RO         3001    i.__ARM_common_memclr4_8  bsp_can.o
    0x080018a4   0x080018a4   0x0000000e   Code   RO         3974    i.__scatterload_copy  mc_w.l(handlers.o)
    0x080018b2   0x080018b2   0x00000002   Code   RO         3975    i.__scatterload_null  mc_w.l(handlers.o)
    0x080018b4   0x080018b4   0x0000000e   Code   RO         3976    i.__scatterload_zeroinit  mc_w.l(handlers.o)
    0x080018c2   0x080018c2   0x00000048   Code   RO         3281    i._init_box         rt_membox.o
    0x0800190a   0x0800190a   0x00000002   PAD
    0x0800190c   0x0800190c   0x00000410   Code   RO         3871    i._printf_core      mc_w.l(printf8.o)
    0x08001d1c   0x08001d1c   0x00000024   Code   RO         3872    i._printf_post_padding  mc_w.l(printf8.o)
    0x08001d40   0x08001d40   0x0000002e   Code   RO         3873    i._printf_pre_padding  mc_w.l(printf8.o)
    0x08001d6e   0x08001d6e   0x00000002   PAD
    0x08001d70   0x08001d70   0x00000024   Code   RO         2563    i.bsp_InitDWT       bsp_dwt.o
    0x08001d94   0x08001d94   0x00000058   Code   RO         2463    i.bsp_init          bsp.o
    0x08001dec   0x08001dec   0x00000024   Code   RO         2673    i.fputc             usartdriver.o
    0x08001e10   0x08001e10   0x00000010   Code   RO         3358    i.isr_sem_send      rt_semaphore.o
    0x08001e20   0x08001e20   0x00000028   Code   RO            7    i.main              main.o
    0x08001e48   0x08001e48   0x00000002   Code   RO          230    i.os_error          rtx_conf_cm.o
    0x08001e4a   0x08001e4a   0x00000002   Code   RO          231    i.os_idle_demon     rtx_conf_cm.o
    0x08001e4c   0x08001e4c   0x00000028   Code   RO         3395    i.os_tick_init      rt_system.o
    0x08001e74   0x08001e74   0x00000002   Code   RO         3396    i.os_tick_irqack    rt_system.o
    0x08001e76   0x08001e76   0x00000002   Code   RO          232    i.os_tmr_call       rtx_conf_cm.o
    0x08001e78   0x08001e78   0x0000001a   Code   RO         3282    i.rt_alloc_box      rt_membox.o
    0x08001e92   0x08001e92   0x00000002   PAD
    0x08001e94   0x08001e94   0x00000038   Code   RO         3478    i.rt_block          rt_task.o
    0x08001ecc   0x08001ecc   0x00000002   Code   RO          233    i.rt_chk_robin      rtx_conf_cm.o
    0x08001ece   0x08001ece   0x00000002   PAD
    0x08001ed0   0x08001ed0   0x000000c4   Code   RO         3148    i.rt_dec_dly        rt_list.o
    0x08001f94   0x08001f94   0x00000050   Code   RO         3479    i.rt_dispatch       rt_task.o
    0x08001fe4   0x08001fe4   0x00000006   Code   RO         3550    i.rt_dly_wait       rt_time.o
    0x08001fea   0x08001fea   0x00000002   PAD
    0x08001fec   0x08001fec   0x00000050   Code   RO         3090    i.rt_evt_psh        rt_event.o
    0x0800203c   0x0800203c   0x00000022   Code   RO         3283    i.rt_free_box       rt_membox.o
    0x0800205e   0x0800205e   0x0000002a   Code   RO         3149    i.rt_get_first      rt_list.o
    0x08002088   0x08002088   0x00000002   Code   RO          234    i.rt_init_robin     rtx_conf_cm.o
    0x0800208a   0x0800208a   0x00000002   PAD
    0x0800208c   0x0800208c   0x0000005c   Code   RO         3614    i.rt_init_stack     hal_cm3.o
    0x080020e8   0x080020e8   0x000000c8   Code   RO         3232    i.rt_mbx_psh        rt_mailbox.o
    0x080021b0   0x080021b0   0x00000080   Code   RO         3397    i.rt_pop_req        rt_system.o
    0x08002230   0x08002230   0x00000020   Code   RO         3398    i.rt_psh_req        rt_system.o
    0x08002250   0x08002250   0x0000005c   Code   RO         3151    i.rt_psq_enq        rt_list.o
    0x080022ac   0x080022ac   0x00000068   Code   RO         3152    i.rt_put_dly        rt_list.o
    0x08002314   0x08002314   0x00000042   Code   RO         3153    i.rt_put_prio       rt_list.o
    0x08002356   0x08002356   0x00000002   PAD
    0x08002358   0x08002358   0x00000014   Code   RO         3154    i.rt_put_rdy_first  rt_list.o
    0x0800236c   0x0800236c   0x0000002c   Code   RO         3156    i.rt_rmv_dly        rt_list.o
    0x08002398   0x08002398   0x0000000c   Code   RO         3359    i.rt_sem_init       rt_semaphore.o
    0x080023a4   0x080023a4   0x00000034   Code   RO         3360    i.rt_sem_psh        rt_semaphore.o
    0x080023d8   0x080023d8   0x00000024   Code   RO         3400    i.rt_stk_check      rt_system.o
    0x080023fc   0x080023fc   0x00000010   Code   RO         3480    i.rt_switch_req     rt_task.o
    0x0800240c   0x0800240c   0x000001b4   Code   RO         3481    i.rt_sys_init       rt_task.o
    0x080025c0   0x080025c0   0x00000040   Code   RO         3402    i.rt_systick        rt_system.o
    0x08002600   0x08002600   0x00000044   Code   RO         3585    i.rt_tmr_tick       rt_timer.o
    0x08002644   0x08002644   0x000000ec   Code   RO         3482    i.rt_tsk_create     rt_task.o
    0x08002730   0x08002730   0x00000002   Data   RO          240    .constdata          rtx_conf_cm.o
    0x08002732   0x08002732   0x00000002   PAD
    0x08002734   0x08002734   0x00000004   Data   RO          241    .constdata          rtx_conf_cm.o
    0x08002738   0x08002738   0x00000004   Data   RO          243    .constdata          rtx_conf_cm.o
    0x0800273c   0x0800273c   0x00000001   Data   RO          244    .constdata          rtx_conf_cm.o
    0x0800273d   0x0800273d   0x00000003   PAD
    0x08002740   0x08002740   0x00000008   Data   RO          245    .constdata          rtx_conf_cm.o
    0x08002748   0x08002748   0x00000002   Data   RO          246    .constdata          rtx_conf_cm.o
    0x0800274a   0x0800274a   0x00000002   PAD
    0x0800274c   0x0800274c   0x00000004   Data   RO          247    .constdata          rtx_conf_cm.o
    0x08002750   0x08002750   0x00000001   Data   RO          248    .constdata          rtx_conf_cm.o
    0x08002751   0x08002751   0x00000001   PAD
    0x08002752   0x08002752   0x00000002   Data   RO          249    .constdata          rtx_conf_cm.o
    0x08002754   0x08002754   0x00000004   Data   RO         3405    .constdata          rt_system.o
    0x08002758   0x08002758   0x00000020   Data   RO         3972    Region$$Table       anon$$obj.o


    Execution Region RW_IRAM1 (Exec base: 0x20000000, Load base: 0x08002778, Size: 0x00003130, Max: 0x00005000, ABSOLUTE)

    Exec Addr    Load Addr    Size         Type   Attr      Idx    E Section Name        Object

    0x20000000   0x08002778   0x0000000c   Data   RW            9    .data               main.o
    0x2000000c   0x08002784   0x00000004   Data   RW          250    .data               rtx_conf_cm.o
    0x20000010   0x08002788   0x00000014   Data   RW          514    .data               stm32f10x_rcc.o
    0x20000024   0x0800279c   0x00000018   Data   RW         2675    .data               usartdriver.o
    0x2000003c   0x080027b4   0x00000008   Data   RW         3406    .data               rt_system.o
    0x20000044   0x080027bc   0x00000008   Data   RW         3488    .data               rt_task.o
    0x2000004c   0x080027c4   0x00000004   Data   RW         3554    .data               rt_time.o
    0x20000050   0x080027c8   0x00000008   Data   RW         3586    .data               rt_timer.o
    0x20000058   0x080027d0   0x00000004   Data   RW         3944    .data               mc_w.l(stdout.o)
    0x2000005c   0x080027d4   0x00000004   PAD
    0x20000060        -       0x00001c00   Zero   RW            8    .bss                main.o
    0x20001c60        -       0x000001cc   Zero   RW          235    .bss                rtx_conf_cm.o
    0x20001e2c   0x080027d4   0x00000004   PAD
    0x20001e30        -       0x00000c10   Zero   RW          236    .bss                rtx_conf_cm.o
    0x20002a40        -       0x00000084   Zero   RW          237    .bss                rtx_conf_cm.o
    0x20002ac4        -       0x00000020   Zero   RW          238    .bss                rtx_conf_cm.o
    0x20002ae4        -       0x00000034   Zero   RW          239    .bss                rtx_conf_cm.o
    0x20002b18        -       0x00000186   Zero   RW         2674    .bss                usartdriver.o
    0x20002c9e   0x080027d4   0x00000002   PAD
    0x20002ca0        -       0x00000028   Zero   RW         2969    .bss                bsp_can.o
    0x20002cc8        -       0x00000030   Zero   RW         3158    .bss                rt_list.o
    0x20002cf8        -       0x00000038   Zero   RW         3487    .bss                rt_task.o
    0x20002d30        -       0x00000400   Zero   RW         3029    STACK               startup_stm32f10x_md.o


==============================================================================

Image component sizes


      Code (inc. data)   RO Data    RW Data    ZI Data      Debug   Object Name

        88         20          0          0          0        447   bsp.o
       438         70          0          0         40       2720   bsp_can.o
        36         10          0          0          0        406   bsp_dwt.o
        36          6          0          0          0        816   bsp_encoder.o
        90          0          0          0          0       1856   bsp_gpio.o
       432         40          0          0          0       1328   hal_cm3.o
       236         96          0         12       7168     261676   main.o
       136         10          0          0          0       1643   misc.o
        80          4          0          0          0       2533   rt_event.o
       564         28          0          0         48       8014   rt_list.o
       200          6          0          0          0        821   rt_mailbox.o
       132          0          0          0          0       1821   rt_membox.o
        80          6          0          0          0       1598   rt_semaphore.o
       302         50          4          8          0       4134   rt_system.o
       824        126          0          8         56       5114   rt_task.o
         6          0          0          4          0        636   rt_time.o
        68          8          0          8          0        707   rt_timer.o
        10          0         28          4       3764      10554   rtx_conf_cm.o
        36          8        236          0       1024        880   startup_stm32f10x_md.o
       964         22          0          0          0       6014   stm32f10x_can.o
        24          6          0          0          0        588   stm32f10x_dbgmcu.o
       494         78          0          0          0       7730   stm32f10x_dma.o
        44         14          0          0          0       1164   stm32f10x_exti.o
       174          0          0          0          0       2004   stm32f10x_gpio.o
        70         50          0          0          0       2441   stm32f10x_it.o
       292         50          0         20          0       6536   stm32f10x_rcc.o
       530          6          0          0          0       7741   stm32f10x_usart.o
         4          4          0          0          0        200   svc_table.o
       240         18          0          0          0       1317   system_stm32f10x.o
      1732        216          0         24        390       7778   usartdriver.o

    ----------------------------------------------------------------------
      8390        952        308         88      12496     351217   Object Totals
         0          0         32          0          0          0   (incl. Generated)
        28          0          8          0          6          0   (incl. Padding)

    ----------------------------------------------------------------------

      Code (inc. data)   RO Data    RW Data    ZI Data      Debug   Library Member Name

         0          0          0          0          0          0   entry.o
         0          0          0          0          0          0   entry10a.o
         0          0          0          0          0          0   entry11a.o
         8          4          0          0          0          0   entry2.o
         4          0          0          0          0          0   entry5.o
         0          0          0          0          0          0   entry7b.o
         0          0          0          0          0          0   entry8b.o
         8          4          0          0          0          0   entry9a.o
        30          0          0          0          0          0   handlers.o
        36          8          0          0          0         68   init.o
        30          0          0          0          0         68   llshl.o
        32          0          0          0          0         68   llushr.o
      1154         54          0          0          0        352   printf8.o
         0          0          0          4          0          0   stdout.o
        98          0          0          0          0         92   uldiv.o

    ----------------------------------------------------------------------
      1406         70          0          4          4        648   Library Totals
         6          0          0          0          4          0   (incl. Padding)

    ----------------------------------------------------------------------

      Code (inc. data)   RO Data    RW Data    ZI Data      Debug   Library Name

      1400         70          0          4          0        648   mc_w.l

    ----------------------------------------------------------------------
      1406         70          0          4          4        648   Library Totals

    ----------------------------------------------------------------------

==============================================================================


      Code (inc. data)   RO Data    RW Data    ZI Data      Debug   

      9796       1022        308         92      12500     346453   Grand Totals
      9796       1022        308         92      12500     346453   ELF Image Totals
      9796       1022        308         92          0          0   ROM Totals

==============================================================================

    Total RO  Size (Code + RO Data)                10104 (   9.87kB)
    Total RW  Size (RW Data + ZI Data)             12592 (  12.30kB)
    Total ROM Size (Code + RO Data + RW Data)      10196 (   9.96kB)

==============================================================================

